Component: Arm Compiler for Embedded 6.19 Tool: armlink [5e73cb00]

==============================================================================

Section Cross References

    startup_stm32f072xb.o(RESET) refers to startup_stm32f072xb.o(STACK) for __initial_sp
    startup_stm32f072xb.o(RESET) refers to startup_stm32f072xb.o(.text) for Reset_Handler
    startup_stm32f072xb.o(RESET) refers to stm32f0xx_it.o(.text.NMI_Handler) for NMI_Handler
    startup_stm32f072xb.o(RESET) refers to stm32f0xx_it.o(.text.HardFault_Handler) for HardFault_Handler
    startup_stm32f072xb.o(RESET) refers to stm32f0xx_it.o(.text.SVC_Handler) for SVC_Handler
    startup_stm32f072xb.o(RESET) refers to stm32f0xx_it.o(.text.PendSV_Handler) for PendSV_Handler
    startup_stm32f072xb.o(RESET) refers to stm32f0xx_it.o(.text.SysTick_Handler) for SysTick_Handler
    startup_stm32f072xb.o(RESET) refers to stm32f0xx_it.o(.text.EXTI4_15_IRQHandler) for EXTI4_15_IRQHandler
    startup_stm32f072xb.o(RESET) refers to stm32f0xx_it.o(.text.TIM1_CC_IRQHandler) for TIM1_CC_IRQHandler
    startup_stm32f072xb.o(RESET) refers to stm32f0xx_it.o(.text.TIM6_DAC_IRQHandler) for TIM6_DAC_IRQHandler
    startup_stm32f072xb.o(RESET) refers to stm32f0xx_it.o(.text.TIM7_IRQHandler) for TIM7_IRQHandler
    startup_stm32f072xb.o(RESET) refers to stm32f0xx_it.o(.text.TIM16_IRQHandler) for TIM16_IRQHandler
    startup_stm32f072xb.o(RESET) refers to stm32f0xx_it.o(.text.USART1_IRQHandler) for USART1_IRQHandler
    startup_stm32f072xb.o(RESET) refers to stm32f0xx_it.o(.text.USART3_4_IRQHandler) for USART3_4_IRQHandler
    startup_stm32f072xb.o(.text) refers to system_stm32f0xx.o(.text.SystemInit) for SystemInit
    startup_stm32f072xb.o(.text) refers to entry.o(.ARM.Collect$$$$00000000) for __main
    usart_cubemx.o(.ARM.exidx.text.stdout_init) refers to usart_cubemx.o(.text.stdout_init) for [Anonymous Symbol]
    usart_cubemx.o(.ARM.exidx.text.stdout_putchar) refers to usart_cubemx.o(.text.stdout_putchar) for [Anonymous Symbol]
    usart_cubemx.o(.ARM.exidx.text.stdin_init) refers to usart_cubemx.o(.text.stdin_init) for [Anonymous Symbol]
    usart_cubemx.o(.ARM.exidx.text.stdin_getchar) refers to usart_cubemx.o(.text.stdin_getchar) for [Anonymous Symbol]
    timer_control.o(.text.Delay_timer6_1ms) refers to stm32f0xx_it.o(.bss.Timer6_counter) for Timer6_counter
    timer_control.o(.ARM.exidx.text.Delay_timer6_1ms) refers to timer_control.o(.text.Delay_timer6_1ms) for [Anonymous Symbol]
    timer_control.o(.text.Delay_timer7_100ms) refers to stm32f0xx_it.o(.bss..L_MergedGlobals) for Timer7_counter
    timer_control.o(.ARM.exidx.text.Delay_timer7_100ms) refers to timer_control.o(.text.Delay_timer7_100ms) for [Anonymous Symbol]
    timer_control.o(.text.Delay_timer16_10us) refers to stm32f0xx_it.o(.bss.Timer16_counter) for Timer16_counter
    timer_control.o(.ARM.exidx.text.Delay_timer16_10us) refers to timer_control.o(.text.Delay_timer16_10us) for [Anonymous Symbol]
    car_control.o(.text.Car_direction) refers to main.o(.bss..L_MergedGlobals) for Car_state
    car_control.o(.ARM.exidx.text.Car_direction) refers to car_control.o(.text.Car_direction) for [Anonymous Symbol]
    car_control.o(.ARM.exidx.text.PWM_Level_CH3) refers to car_control.o(.text.PWM_Level_CH3) for [Anonymous Symbol]
    car_control.o(.ARM.exidx.text.PWM_Level_CH4) refers to car_control.o(.text.PWM_Level_CH4) for [Anonymous Symbol]
    car_control.o(.text.obstacle_avoidance_cmd) refers to stm32f0xx_hal.o(.text.HAL_Delay) for HAL_Delay
    car_control.o(.text.obstacle_avoidance_cmd) refers to car_control.o(.data.motor_counter) for motor_counter
    car_control.o(.text.obstacle_avoidance_cmd) refers to main.o(.data.Distance) for Distance
    car_control.o(.text.obstacle_avoidance_cmd) refers to car_control.o(.bss.Distance_array) for Distance_array
    car_control.o(.text.obstacle_avoidance_cmd) refers to main.o(.bss..L_MergedGlobals) for servo_motor_flag
    car_control.o(.ARM.exidx.text.obstacle_avoidance_cmd) refers to car_control.o(.text.obstacle_avoidance_cmd) for [Anonymous Symbol]
    car_control.o(.ARM.exidx.text.PWM_Level_TIM15_CH1) refers to car_control.o(.text.PWM_Level_TIM15_CH1) for [Anonymous Symbol]
    car_control.o(.text.Car_Switch_CMD) refers to dfplayer_mini.o(.text.DF_volume_up) for DF_volume_up
    car_control.o(.text.Car_Switch_CMD) refers to dfplayer_mini.o(.text.DF_volume_down) for DF_volume_down
    car_control.o(.text.Car_Switch_CMD) refers to dfplayer_mini.o(.text.DF_design) for DF_design
    car_control.o(.text.Car_Switch_CMD) refers to dfplayer_mini.o(.text.DF_Next) for DF_Next
    car_control.o(.text.Car_Switch_CMD) refers to dfplayer_mini.o(.text.DF_Pause) for DF_Pause
    car_control.o(.text.Car_Switch_CMD) refers to dfplayer_mini.o(.text.DF_Previous) for DF_Previous
    car_control.o(.text.Car_Switch_CMD) refers to dfplayer_mini.o(.text.DF_stop_play) for DF_stop_play
[...]
    [Anonymous Symbol]                       0x08000adc   Section        0  dfplayer_mini.o(.text.DF_Init)
    __arm_cp.2_1                             0x08000b5c   Number         4  dfplayer_mini.o(.text.DF_Init)
    [Anonymous Symbol]                       0x08000b60   Section        0  dfplayer_mini.o(.text.DF_Next)
    [Anonymous Symbol]                       0x08000ba0   Section        0  dfplayer_mini.o(.text.DF_Pause)
    [Anonymous Symbol]                       0x08000be0   Section        0  dfplayer_mini.o(.text.DF_PlayFromStart)
    [Anonymous Symbol]                       0x08000c24   Section        0  dfplayer_mini.o(.text.DF_Playback)
    [Anonymous Symbol]                       0x08000c64   Section        0  dfplayer_mini.o(.text.DF_Previous)
    [Anonymous Symbol]                       0x08000ca4   Section        0  dfplayer_mini.o(.text.DF_design)
    __arm_cp.12_0                            0x08000ce4   Number         4  dfplayer_mini.o(.text.DF_design)
    [Anonymous Symbol]                       0x08000ce8   Section        0  dfplayer_mini.o(.text.DF_stop_play)
    [Anonymous Symbol]                       0x08000d28   Section        0  dfplayer_mini.o(.text.DF_volume_down)
    [Anonymous Symbol]                       0x08000d68   Section        0  dfplayer_mini.o(.text.DF_volume_up)
    __arm_cp.9_0                             0x08000da8   Number         4  dfplayer_mini.o(.text.DF_volume_up)
    [Anonymous Symbol]                       0x08000dac   Section        0  dht22_function.o(.text.DHT22_Check_Response)
    [Anonymous Symbol]                       0x08000df4   Section        0  dht22_function.o(.text.DHT22_Read)
    [Anonymous Symbol]                       0x08000f90   Section        0  dht22_function.o(.text.DHT22_Start)
    __arm_cp.4_0                             0x08000fe4   Number         4  dht22_function.o(.text.DHT22_Start)
    [Anonymous Symbol]                       0x08000fe8   Section        0  timer_control.o(.text.Delay_timer16_10us)
    __arm_cp.2_0                             0x08001020   Number         4  timer_control.o(.text.Delay_timer16_10us)
    [Anonymous Symbol]                       0x08001024   Section        0  timer_control.o(.text.Delay_timer6_1ms)
    __arm_cp.0_0                             0x0800105c   Number         4  timer_control.o(.text.Delay_timer6_1ms)
    [Anonymous Symbol]                       0x08001060   Section        0  dht22_function.o(.text.Display_Rh)
    [Anonymous Symbol]                       0x080010a8   Section        0  dht22_function.o(.text.Display_Temp)
    [Anonymous Symbol]                       0x080010ec   Section        0  stm32f0xx_it.o(.text.EXTI4_15_IRQHandler)
    __arm_cp.5_0                             0x0800115c   Number         4  stm32f0xx_it.o(.text.EXTI4_15_IRQHandler)
    __arm_cp.5_1                             0x08001160   Number         4  stm32f0xx_it.o(.text.EXTI4_15_IRQHandler)
    __arm_cp.5_2                             0x08001164   Number         4  stm32f0xx_it.o(.text.EXTI4_15_IRQHandler)
    __arm_cp.5_3                             0x08001168   Number         4  stm32f0xx_it.o(.text.EXTI4_15_IRQHandler)
    [Anonymous Symbol]                       0x0800116c   Section        0  car_control.o(.text.Enable_PWM_CH3)
    [Anonymous Symbol]                       0x08001184   Section        0  car_control.o(.text.Enable_PWM_CH4)
    __arm_cp.11_0                            0x0800119c   Number         4  car_control.o(.text.Enable_PWM_CH4)
    [Anonymous Symbol]                       0x080011a0   Section        0  stm32f0xx_hal_adc.o(.text.HAL_ADC_ConfigChannel)
    __arm_cp.22_0                            0x080012cc   Number         4  stm32f0xx_hal_adc.o(.text.HAL_ADC_ConfigChannel)
    __arm_cp.22_1                            0x080012d0   Number         4  stm32f0xx_hal_adc.o(.text.HAL_ADC_ConfigChannel)
    __arm_cp.22_2                            0x080012d4   Number         4  stm32f0xx_hal_adc.o(.text.HAL_ADC_ConfigChannel)
    __arm_cp.22_3                            0x080012d8   Number         4  stm32f0xx_hal_adc.o(.text.HAL_ADC_ConfigChannel)
    __arm_cp.22_4                            0x080012dc   Number         4  stm32f0xx_hal_adc.o(.text.HAL_ADC_ConfigChannel)
    __arm_cp.22_5                            0x080012e0   Number         4  stm32f0xx_hal_adc.o(.text.HAL_ADC_ConfigChannel)
    __arm_cp.22_6                            0x080012e4   Number         4  stm32f0xx_hal_adc.o(.text.HAL_ADC_ConfigChannel)
    [Anonymous Symbol]                       0x080012e8   Section        0  stm32f0xx_hal_adc.o(.text.HAL_ADC_Init)
    __arm_cp.0_0                             0x08001438   Number         4  stm32f0xx_hal_adc.o(.text.HAL_ADC_Init)
    __arm_cp.0_1                             0x0800143c   Number         4  stm32f0xx_hal_adc.o(.text.HAL_ADC_Init)
    [Anonymous Symbol]                       0x08001440   Section        0  stm32f0xx_hal_msp.o(.text.HAL_ADC_MspInit)
    __arm_cp.1_0                             0x08001490   Number         4  stm32f0xx_hal_msp.o(.text.HAL_ADC_MspInit)
    __arm_cp.1_1                             0x08001494   Number         4  stm32f0xx_hal_msp.o(.text.HAL_ADC_MspInit)
    __arm_cp.1_2                             0x08001498   Number         4  stm32f0xx_hal_msp.o(.text.HAL_ADC_MspInit)
    [Anonymous Symbol]                       0x0800149c   Section        0  stm32f0xx_hal.o(.text.HAL_Delay)
    __arm_cp.10_0                            0x080014bc   Number         4  stm32f0xx_hal.o(.text.HAL_Delay)
    [Anonymous Symbol]                       0x080014c0   Section        0  stm32f0xx_hal_gpio.o(.text.HAL_GPIO_Init)
    __arm_cp.0_0                             0x08001648   Number         4  stm32f0xx_hal_gpio.o(.text.HAL_GPIO_Init)
    __arm_cp.0_1                             0x0800164c   Number         4  stm32f0xx_hal_gpio.o(.text.HAL_GPIO_Init)
    __arm_cp.0_2                             0x08001650   Number         4  stm32f0xx_hal_gpio.o(.text.HAL_GPIO_Init)
    __arm_cp.0_3                             0x08001654   Number         4  stm32f0xx_hal_gpio.o(.text.HAL_GPIO_Init)
    [Anonymous Symbol]                       0x08001658   Section        0  stm32f0xx_hal_gpio.o(.text.HAL_GPIO_ReadPin)
    [Anonymous Symbol]                       0x08001662   Section        0  stm32f0xx_hal_gpio.o(.text.HAL_GPIO_WritePin)
    [Anonymous Symbol]                       0x08001674   Section        0  stm32f0xx_hal.o(.text.HAL_GetTick)
    [Anonymous Symbol]                       0x0800167c   Section        0  stm32f0xx_hal_i2c_ex.o(.text.HAL_I2CEx_ConfigAnalogFilter)
    [Anonymous Symbol]                       0x080016be   Section        0  stm32f0xx_hal_i2c_ex.o(.text.HAL_I2CEx_ConfigDigitalFilter)
    [Anonymous Symbol]                       0x08001700   Section        0  stm32f0xx_hal_i2c.o(.text.HAL_I2C_Init)
    __arm_cp.0_0                             0x080017a0   Number         4  stm32f0xx_hal_i2c.o(.text.HAL_I2C_Init)
    __arm_cp.0_1                             0x080017a4   Number         4  stm32f0xx_hal_i2c.o(.text.HAL_I2C_Init)
    [Anonymous Symbol]                       0x080017a8   Section        0  stm32f0xx_hal_i2c.o(.text.HAL_I2C_Master_Transmit)
    __arm_cp.4_0                             0x08001928   Number         4  stm32f0xx_hal_i2c.o(.text.HAL_I2C_Master_Transmit)
    __arm_cp.4_1                             0x0800192c   Number         4  stm32f0xx_hal_i2c.o(.text.HAL_I2C_Master_Transmit)
    __arm_cp.4_2                             0x08001930   Number         4  stm32f0xx_hal_i2c.o(.text.HAL_I2C_Master_Transmit)
    __arm_cp.4_3                             0x08001934   Number         4  stm32f0xx_hal_i2c.o(.text.HAL_I2C_Master_Transmit)
    __arm_cp.4_4                             0x08001938   Number         4  stm32f0xx_hal_i2c.o(.text.HAL_I2C_Master_Transmit)
    __arm_cp.4_5                             0x0800193c   Number         4  stm32f0xx_hal_i2c.o(.text.HAL_I2C_Master_Transmit)
    __arm_cp.4_6                             0x08001940   Number         4  stm32f0xx_hal_i2c.o(.text.HAL_I2C_Master_Transmit)
    [Anonymous Symbol]                       0x08001944   Section        0  stm32f0xx_hal_msp.o(.text.HAL_I2C_MspInit)
    __arm_cp.3_0                             0x08001998   Number         4  stm32f0xx_hal_msp.o(.text.HAL_I2C_MspInit)
    __arm_cp.3_1                             0x0800199c   Number         4  stm32f0xx_hal_msp.o(.text.HAL_I2C_MspInit)
    __arm_cp.3_2                             0x080019a0   Number         4  stm32f0xx_hal_msp.o(.text.HAL_I2C_MspInit)
    [Anonymous Symbol]                       0x080019a4   Section        0  stm32f0xx_hal.o(.text.HAL_IncTick)
    __arm_cp.5_1                             0x080019b4   Number         4  stm32f0xx_hal.o(.text.HAL_IncTick)
    [Anonymous Symbol]                       0x080019b8   Section        0  stm32f0xx_hal.o(.text.HAL_Init)
    [Anonymous Symbol]                       0x080019d4   Section        0  stm32f0xx_hal.o(.text.HAL_InitTick)
    __arm_cp.1_0                             0x08001a10   Number         4  stm32f0xx_hal.o(.text.HAL_InitTick)
    [Anonymous Symbol]                       0x08001a14   Section        0  stm32f0xx_hal_msp.o(.text.HAL_MspInit)
    __arm_cp.0_0                             0x08001a3c   Number         4  stm32f0xx_hal_msp.o(.text.HAL_MspInit)
    [Anonymous Symbol]                       0x08001a40   Section        0  stm32f0xx_hal_cortex.o(.text.HAL_NVIC_EnableIRQ)
    __arm_cp.1_0                             0x08001a54   Number         4  stm32f0xx_hal_cortex.o(.text.HAL_NVIC_EnableIRQ)
    [Anonymous Symbol]                       0x08001a58   Section        0  stm32f0xx_hal_cortex.o(.text.HAL_NVIC_SetPriority)
    __arm_cp.0_0                             0x08001a88   Number         4  stm32f0xx_hal_cortex.o(.text.HAL_NVIC_SetPriority)
    __arm_cp.0_1                             0x08001a8c   Number         4  stm32f0xx_hal_cortex.o(.text.HAL_NVIC_SetPriority)
    [Anonymous Symbol]                       0x08001a90   Section        0  stm32f0xx_hal_rcc_ex.o(.text.HAL_RCCEx_PeriphCLKConfig)
    __arm_cp.0_0                             0x08001bcc   Number         4  stm32f0xx_hal_rcc_ex.o(.text.HAL_RCCEx_PeriphCLKConfig)
    __arm_cp.0_1                             0x08001bd0   Number         4  stm32f0xx_hal_rcc_ex.o(.text.HAL_RCCEx_PeriphCLKConfig)
    __arm_cp.0_2                             0x08001bd4   Number         4  stm32f0xx_hal_rcc_ex.o(.text.HAL_RCCEx_PeriphCLKConfig)
    [Anonymous Symbol]                       0x08001bd8   Section        0  stm32f0xx_hal_rcc.o(.text.HAL_RCC_ClockConfig)
    __arm_cp.2_0                             0x08001d30   Number         4  stm32f0xx_hal_rcc.o(.text.HAL_RCC_ClockConfig)
    __arm_cp.2_2                             0x08001d34   Number         4  stm32f0xx_hal_rcc.o(.text.HAL_RCC_ClockConfig)
    __arm_cp.2_7                             0x08001d38   Number         4  stm32f0xx_hal_rcc.o(.text.HAL_RCC_ClockConfig)
    [Anonymous Symbol]                       0x08001d3c   Section        0  stm32f0xx_hal_rcc.o(.text.HAL_RCC_GetPCLK1Freq)
    __arm_cp.8_0                             0x08001d50   Number         4  stm32f0xx_hal_rcc.o(.text.HAL_RCC_GetPCLK1Freq)
    __arm_cp.8_2                             0x08001d54   Number         4  stm32f0xx_hal_rcc.o(.text.HAL_RCC_GetPCLK1Freq)
    [Anonymous Symbol]                       0x08001d58   Section        0  stm32f0xx_hal_rcc.o(.text.HAL_RCC_GetSysClockFreq)
    __arm_cp.3_0                             0x08001dac   Number         4  stm32f0xx_hal_rcc.o(.text.HAL_RCC_GetSysClockFreq)
    __arm_cp.3_1                             0x08001db0   Number         4  stm32f0xx_hal_rcc.o(.text.HAL_RCC_GetSysClockFreq)
    __arm_cp.3_2                             0x08001db4   Number         4  stm32f0xx_hal_rcc.o(.text.HAL_RCC_GetSysClockFreq)
    __arm_cp.3_3                             0x08001db8   Number         4  stm32f0xx_hal_rcc.o(.text.HAL_RCC_GetSysClockFreq)
    __arm_cp.3_4                             0x08001dbc   Number         4  stm32f0xx_hal_rcc.o(.text.HAL_RCC_GetSysClockFreq)
    [Anonymous Symbol]                       0x08001dc0   Section        0  stm32f0xx_hal_rcc.o(.text.HAL_RCC_OscConfig)
    __arm_cp.1_4                             0x080021bc   Number         4  stm32f0xx_hal_rcc.o(.text.HAL_RCC_OscConfig)
    __arm_cp.1_1                             0x08002260   Number         4  stm32f0xx_hal_rcc.o(.text.HAL_RCC_OscConfig)
    __arm_cp.1_2                             0x08002264   Number         4  stm32f0xx_hal_rcc.o(.text.HAL_RCC_OscConfig)
    [Anonymous Symbol]                       0x08002268   Section        0  stm32f0xx_hal_cortex.o(.text.HAL_SYSTICK_Config)
    __arm_cp.4_0                             0x08002290   Number         4  stm32f0xx_hal_cortex.o(.text.HAL_SYSTICK_Config)
    __arm_cp.4_1                             0x08002294   Number         4  stm32f0xx_hal_cortex.o(.text.HAL_SYSTICK_Config)
    __arm_cp.4_2                             0x08002298   Number         4  stm32f0xx_hal_cortex.o(.text.HAL_SYSTICK_Config)
    [Anonymous Symbol]                       0x0800229c   Section        0  stm32f0xx_hal_tim_ex.o(.text.HAL_TIMEx_BreakCallback)
    [Anonymous Symbol]                       0x0800229e   Section        0  stm32f0xx_hal_tim_ex.o(.text.HAL_TIMEx_CommutCallback)
    [Anonymous Symbol]                       0x080022a0   Section        0  stm32f0xx_hal_tim_ex.o(.text.HAL_TIMEx_ConfigBreakDeadTime)
    [Anonymous Symbol]                       0x080022fc   Section        0  stm32f0xx_hal_tim_ex.o(.text.HAL_TIMEx_MasterConfigSynchronization)
    [Anonymous Symbol]                       0x08002358   Section        0  stm32f0xx_hal_tim.o(.text.HAL_TIM_Base_Init)
    __arm_cp.0_0                             0x08002434   Number         4  stm32f0xx_hal_tim.o(.text.HAL_TIM_Base_Init)
    __arm_cp.0_1                             0x08002438   Number         4  stm32f0xx_hal_tim.o(.text.HAL_TIM_Base_Init)
    __arm_cp.0_2                             0x0800243c   Number         4  stm32f0xx_hal_tim.o(.text.HAL_TIM_Base_Init)
    __arm_cp.0_3                             0x08002440   Number         4  stm32f0xx_hal_tim.o(.text.HAL_TIM_Base_Init)
    __arm_cp.0_4                             0x08002444   Number         4  stm32f0xx_hal_tim.o(.text.HAL_TIM_Base_Init)
    __arm_cp.0_6                             0x08002448   Number         4  stm32f0xx_hal_tim.o(.text.HAL_TIM_Base_Init)
    __arm_cp.0_7                             0x0800244c   Number         4  stm32f0xx_hal_tim.o(.text.HAL_TIM_Base_Init)
    __arm_cp.0_8                             0x08002450   Number         4  stm32f0xx_hal_tim.o(.text.HAL_TIM_Base_Init)
    [Anonymous Symbol]                       0x08002454   Section        0  stm32f0xx_hal_msp.o(.text.HAL_TIM_Base_MspInit)
    __arm_cp.7_0                             0x080024c8   Number         4  stm32f0xx_hal_msp.o(.text.HAL_TIM_Base_MspInit)
    __arm_cp.7_1                             0x080024cc   Number         4  stm32f0xx_hal_msp.o(.text.HAL_TIM_Base_MspInit)
    __arm_cp.7_2                             0x080024d0   Number         4  stm32f0xx_hal_msp.o(.text.HAL_TIM_Base_MspInit)
    __arm_cp.7_3                             0x080024d4   Number         4  stm32f0xx_hal_msp.o(.text.HAL_TIM_Base_MspInit)
    [Anonymous Symbol]                       0x080024d8   Section        0  main.o(.text.HAL_TIM_IC_CaptureCallback)
    __arm_cp.0_0                             0x08002600   Number         4  main.o(.text.HAL_TIM_IC_CaptureCallback)
    __arm_cp.0_1                             0x08002604   Number         4  main.o(.text.HAL_TIM_IC_CaptureCallback)
    __arm_cp.0_2                             0x08002608   Number         4  main.o(.text.HAL_TIM_IC_CaptureCallback)
    __arm_cp.0_3                             0x0800260c   Number         4  main.o(.text.HAL_TIM_IC_CaptureCallback)
    __arm_cp.0_4                             0x08002610   Number         4  main.o(.text.HAL_TIM_IC_CaptureCallback)
    __arm_cp.0_5                             0x08002614   Number         4  main.o(.text.HAL_TIM_IC_CaptureCallback)
    __arm_cp.0_6                             0x08002618   Number         4  main.o(.text.HAL_TIM_IC_CaptureCallback)
    [Anonymous Symbol]                       0x0800261c   Section        0  stm32f0xx_hal_tim.o(.text.HAL_TIM_IC_ConfigChannel)
    __arm_cp.75_0                            0x0800279c   Number         4  stm32f0xx_hal_tim.o(.text.HAL_TIM_IC_ConfigChannel)
    __arm_cp.75_1                            0x080027a0   Number         4  stm32f0xx_hal_tim.o(.text.HAL_TIM_IC_ConfigChannel)
    __arm_cp.75_2                            0x080027a4   Number         4  stm32f0xx_hal_tim.o(.text.HAL_TIM_IC_ConfigChannel)
    __arm_cp.75_4                            0x080027a8   Number         4  stm32f0xx_hal_tim.o(.text.HAL_TIM_IC_ConfigChannel)
    [Anonymous Symbol]                       0x080027ac   Section        0  stm32f0xx_hal_tim.o(.text.HAL_TIM_IC_Init)
    __arm_cp.37_3                            0x08002888   Number         4  stm32f0xx_hal_tim.o(.text.HAL_TIM_IC_Init)
    __arm_cp.37_4                            0x0800288c   Number         4  stm32f0xx_hal_tim.o(.text.HAL_TIM_IC_Init)
    __arm_cp.37_5                            0x08002890   Number         4  stm32f0xx_hal_tim.o(.text.HAL_TIM_IC_Init)
    __arm_cp.37_7                            0x08002894   Number         4  stm32f0xx_hal_tim.o(.text.HAL_TIM_IC_Init)
    __arm_cp.37_8                            0x08002898   Number         4  stm32f0xx_hal_tim.o(.text.HAL_TIM_IC_Init)
    [Anonymous Symbol]                       0x0800289c   Section        0  stm32f0xx_hal_msp.o(.text.HAL_TIM_IC_MspInit)
    [Anonymous Symbol]                       0x08002900   Section        0  stm32f0xx_hal_tim.o(.text.HAL_TIM_IC_Start_IT)
    __arm_cp.43_0                            0x080029d0   Number         4  stm32f0xx_hal_tim.o(.text.HAL_TIM_IC_Start_IT)
    __arm_cp.43_1                            0x080029d4   Number         4  stm32f0xx_hal_tim.o(.text.HAL_TIM_IC_Start_IT)
    __arm_cp.43_2                            0x080029d8   Number         4  stm32f0xx_hal_tim.o(.text.HAL_TIM_IC_Start_IT)
    __arm_cp.43_3                            0x080029dc   Number         4  stm32f0xx_hal_tim.o(.text.HAL_TIM_IC_Start_IT)
    __arm_cp.43_4                            0x080029e0   Number         4  stm32f0xx_hal_tim.o(.text.HAL_TIM_IC_Start_IT)
    [Anonymous Symbol]                       0x080029e4   Section        0  stm32f0xx_hal_tim.o(.text.HAL_TIM_IRQHandler)
    [Anonymous Symbol]                       0x08002b2c   Section        0  stm32f0xx_hal_msp.o(.text.HAL_TIM_MspPostInit)
    __arm_cp.8_0                             0x08002b98   Number         4  stm32f0xx_hal_msp.o(.text.HAL_TIM_MspPostInit)
    __arm_cp.8_1                             0x08002b9c   Number         4  stm32f0xx_hal_msp.o(.text.HAL_TIM_MspPostInit)
    __arm_cp.8_2                             0x08002ba0   Number         4  stm32f0xx_hal_msp.o(.text.HAL_TIM_MspPostInit)
    __arm_cp.8_3                             0x08002ba4   Number         4  stm32f0xx_hal_msp.o(.text.HAL_TIM_MspPostInit)
    __arm_cp.8_4                             0x08002ba8   Number         4  stm32f0xx_hal_msp.o(.text.HAL_TIM_MspPostInit)
    [Anonymous Symbol]                       0x08002bac   Section        0  stm32f0xx_hal_tim.o(.text.HAL_TIM_OC_DelayElapsedCallback)
    [Anonymous Symbol]                       0x08002bb0   Section        0  stm32f0xx_hal_tim.o(.text.HAL_TIM_PWM_ConfigChannel)
    __arm_cp.77_2                            0x08002e34   Number         4  stm32f0xx_hal_tim.o(.text.HAL_TIM_PWM_ConfigChannel)
    [Anonymous Symbol]                       0x08002e38   Section        0  stm32f0xx_hal_tim.o(.text.HAL_TIM_PWM_Init)
    __arm_cp.27_0                            0x08002f14   Number         4  stm32f0xx_hal_tim.o(.text.HAL_TIM_PWM_Init)
    __arm_cp.27_1                            0x08002f18   Number         4  stm32f0xx_hal_tim.o(.text.HAL_TIM_PWM_Init)
    __arm_cp.27_3                            0x08002f1c   Number         4  stm32f0xx_hal_tim.o(.text.HAL_TIM_PWM_Init)
    __arm_cp.27_4                            0x08002f20   Number         4  stm32f0xx_hal_tim.o(.text.HAL_TIM_PWM_Init)
    __arm_cp.27_5                            0x08002f24   Number         4  stm32f0xx_hal_tim.o(.text.HAL_TIM_PWM_Init)
    __arm_cp.27_6                            0x08002f28   Number         4  stm32f0xx_hal_tim.o(.text.HAL_TIM_PWM_Init)
    __arm_cp.27_7                            0x08002f2c   Number         4  stm32f0xx_hal_tim.o(.text.HAL_TIM_PWM_Init)
    __arm_cp.27_8                            0x08002f30   Number         4  stm32f0xx_hal_tim.o(.text.HAL_TIM_PWM_Init)
    [Anonymous Symbol]                       0x08002f34   Section        0  stm32f0xx_hal_msp.o(.text.HAL_TIM_PWM_MspInit)
    __arm_cp.6_2                             0x08002f74   Number         4  stm32f0xx_hal_msp.o(.text.HAL_TIM_PWM_MspInit)
    [Anonymous Symbol]                       0x08002f78   Section        0  stm32f0xx_hal_tim.o(.text.HAL_TIM_PWM_PulseFinishedCallback)
    [Anonymous Symbol]                       0x08002f7c   Section        0  stm32f0xx_hal_tim.o(.text.HAL_TIM_PWM_Start_IT)
    __arm_cp.33_0                            0x08003050   Number         4  stm32f0xx_hal_tim.o(.text.HAL_TIM_PWM_Start_IT)
    __arm_cp.33_1                            0x08003054   Number         4  stm32f0xx_hal_tim.o(.text.HAL_TIM_PWM_Start_IT)
    __arm_cp.33_2                            0x08003058   Number         4  stm32f0xx_hal_tim.o(.text.HAL_TIM_PWM_Start_IT)
    __arm_cp.33_3                            0x0800305c   Number         4  stm32f0xx_hal_tim.o(.text.HAL_TIM_PWM_Start_IT)
    __arm_cp.33_4                            0x08003060   Number         4  stm32f0xx_hal_tim.o(.text.HAL_TIM_PWM_Start_IT)
    __arm_cp.33_5                            0x08003064   Number         4  stm32f0xx_hal_tim.o(.text.HAL_TIM_PWM_Start_IT)
    [Anonymous Symbol]                       0x08003068   Section        0  stm32f0xx_hal_tim.o(.text.HAL_TIM_PWM_Stop_IT)
    __arm_cp.34_0                            0x0800310c   Number         4  stm32f0xx_hal_tim.o(.text.HAL_TIM_PWM_Stop_IT)
    __arm_cp.34_1                            0x08003110   Number         4  stm32f0xx_hal_tim.o(.text.HAL_TIM_PWM_Stop_IT)
    __arm_cp.34_2                            0x08003114   Number         4  stm32f0xx_hal_tim.o(.text.HAL_TIM_PWM_Stop_IT)
    __arm_cp.34_3                            0x08003118   Number         4  stm32f0xx_hal_tim.o(.text.HAL_TIM_PWM_Stop_IT)
    [Anonymous Symbol]                       0x0800311c   Section        0  stm32f0xx_hal_tim.o(.text.HAL_TIM_PeriodElapsedCallback)
    [Anonymous Symbol]                       0x08003120   Section        0  stm32f0xx_hal_tim.o(.text.HAL_TIM_ReadCapturedValue)
    [Anonymous Symbol]                       0x08003158   Section        0  stm32f0xx_hal_tim.o(.text.HAL_TIM_TriggerCallback)
    [Anonymous Symbol]                       0x0800315a   Section        0  stm32f0xx_hal_uart.o(.text.HAL_UART_Init)
    [Anonymous Symbol]                       0x080031c4   Section        0  stm32f0xx_hal_msp.o(.text.HAL_UART_MspInit)
    __arm_cp.12_0                            0x0800331c   Number         4  stm32f0xx_hal_msp.o(.text.HAL_UART_MspInit)
    __arm_cp.12_1                            0x08003320   Number         4  stm32f0xx_hal_msp.o(.text.HAL_UART_MspInit)
    __arm_cp.12_2                            0x08003324   Number         4  stm32f0xx_hal_msp.o(.text.HAL_UART_MspInit)
    __arm_cp.12_3                            0x08003328   Number         4  stm32f0xx_hal_msp.o(.text.HAL_UART_MspInit)
    __arm_cp.12_4                            0x0800332c   Number         4  stm32f0xx_hal_msp.o(.text.HAL_UART_MspInit)
    __arm_cp.12_5                            0x08003330   Number         4  stm32f0xx_hal_msp.o(.text.HAL_UART_MspInit)
    __arm_cp.12_6                            0x08003334   Number         4  stm32f0xx_hal_msp.o(.text.HAL_UART_MspInit)
    [Anonymous Symbol]                       0x08003338   Section        0  stm32f0xx_hal_uart.o(.text.HAL_UART_Transmit)
    __arm_cp.10_0                            0x0800340c   Number         4  stm32f0xx_hal_uart.o(.text.HAL_UART_Transmit)
    [Anonymous Symbol]                       0x08003410   Section        0  stm32f0xx_it.o(.text.HardFault_Handler)
    I2C_IsErrorOccurred                      0x08003415   Thumb Code   380  stm32f0xx_hal_i2c.o(.text.I2C_IsErrorOccurred)
    [Anonymous Symbol]                       0x08003414   Section        0  stm32f0xx_hal_i2c.o(.text.I2C_IsErrorOccurred)
    __arm_cp.72_0                            0x08003590   Number         4  stm32f0xx_hal_i2c.o(.text.I2C_IsErrorOccurred)
    I2C_WaitOnFlagUntilTimeout               0x08003595   Thumb Code   222  stm32f0xx_hal_i2c.o(.text.I2C_WaitOnFlagUntilTimeout)
    [Anonymous Symbol]                       0x08003594   Section        0  stm32f0xx_hal_i2c.o(.text.I2C_WaitOnFlagUntilTimeout)
    I2C_WaitOnSTOPFlagUntilTimeout           0x08003673   Thumb Code   134  stm32f0xx_hal_i2c.o(.text.I2C_WaitOnSTOPFlagUntilTimeout)
    [Anonymous Symbol]                       0x08003672   Section        0  stm32f0xx_hal_i2c.o(.text.I2C_WaitOnSTOPFlagUntilTimeout)
    I2C_WaitOnTXISFlagUntilTimeout           0x080036f9   Thumb Code   166  stm32f0xx_hal_i2c.o(.text.I2C_WaitOnTXISFlagUntilTimeout)
    [Anonymous Symbol]                       0x080036f8   Section        0  stm32f0xx_hal_i2c.o(.text.I2C_WaitOnTXISFlagUntilTimeout)
    [Anonymous Symbol]                       0x0800379e   Section        0  stm32f0xx_it.o(.text.NMI_Handler)
    [Anonymous Symbol]                       0x080037a0   Section        0  car_control.o(.text.PWM_Level_TIM15_CH1)
    __arm_cp.4_0                             0x080037a8   Number         4  car_control.o(.text.PWM_Level_TIM15_CH1)
    [Anonymous Symbol]                       0x080037ac   Section        0  car_control.o(.text.Parking_sensors_cmd)
    __arm_cp.6_0                             0x080037fc   Number         4  car_control.o(.text.Parking_sensors_cmd)
    __arm_cp.6_1                             0x08003800   Number         4  car_control.o(.text.Parking_sensors_cmd)
    __arm_cp.6_3                             0x08003804   Number         4  car_control.o(.text.Parking_sensors_cmd)
    [Anonymous Symbol]                       0x08003808   Section        0  stm32f0xx_it.o(.text.PendSV_Handler)
    [Anonymous Symbol]                       0x0800380a   Section        0  stm32f0xx_it.o(.text.SVC_Handler)
    [Anonymous Symbol]                       0x0800380c   Section        0  stm32f0xx_it.o(.text.SysTick_Handler)
    [Anonymous Symbol]                       0x08003814   Section        0  system_stm32f0xx.o(.text.SystemInit)
    [Anonymous Symbol]                       0x08003818   Section        0  stm32f0xx_it.o(.text.TIM16_IRQHandler)
    __arm_cp.9_0                             0x0800382c   Number         4  stm32f0xx_it.o(.text.TIM16_IRQHandler)
    __arm_cp.9_1                             0x08003830   Number         4  stm32f0xx_it.o(.text.TIM16_IRQHandler)
    [Anonymous Symbol]                       0x08003834   Section        0  stm32f0xx_it.o(.text.TIM1_CC_IRQHandler)
    __arm_cp.6_0                             0x08003840   Number         4  stm32f0xx_it.o(.text.TIM1_CC_IRQHandler)
    [Anonymous Symbol]                       0x08003844   Section        0  stm32f0xx_it.o(.text.TIM6_DAC_IRQHandler)
    __arm_cp.7_0                             0x08003858   Number         4  stm32f0xx_it.o(.text.TIM6_DAC_IRQHandler)
    __arm_cp.7_1                             0x0800385c   Number         4  stm32f0xx_it.o(.text.TIM6_DAC_IRQHandler)
    [Anonymous Symbol]                       0x08003860   Section        0  stm32f0xx_it.o(.text.TIM7_IRQHandler)
    __arm_cp.8_0                             0x0800390c   Number         4  stm32f0xx_it.o(.text.TIM7_IRQHandler)
    __arm_cp.8_1                             0x08003910   Number         4  stm32f0xx_it.o(.text.TIM7_IRQHandler)
    __arm_cp.8_2                             0x08003914   Number         4  stm32f0xx_it.o(.text.TIM7_IRQHandler)
    __arm_cp.8_3                             0x08003918   Number         4  stm32f0xx_it.o(.text.TIM7_IRQHandler)
    __arm_cp.8_4                             0x0800391c   Number         4  stm32f0xx_it.o(.text.TIM7_IRQHandler)
    __arm_cp.8_5                             0x08003920   Number         4  stm32f0xx_it.o(.text.TIM7_IRQHandler)
    [Anonymous Symbol]                       0x08003924   Section        0  stm32f0xx_hal_uart.o(.text.UART_AdvFeatureConfig)
    [Anonymous Symbol]                       0x080039f8   Section        0  stm32f0xx_hal_uart.o(.text.UART_CheckIdleState)
    __arm_cp.4_0                             0x08003ab8   Number         4  stm32f0xx_hal_uart.o(.text.UART_CheckIdleState)
    [Anonymous Symbol]                       0x08003abc   Section        0  stm32f0xx_hal_uart.o(.text.UART_SetConfig)
    __arm_cp.2_0                             0x08003be8   Number         4  stm32f0xx_hal_uart.o(.text.UART_SetConfig)
    __arm_cp.2_1                             0x08003bec   Number         4  stm32f0xx_hal_uart.o(.text.UART_SetConfig)
    __arm_cp.2_2                             0x08003bf0   Number         4  stm32f0xx_hal_uart.o(.text.UART_SetConfig)
    __arm_cp.2_3                             0x08003bf4   Number         4  stm32f0xx_hal_uart.o(.text.UART_SetConfig)
    __arm_cp.2_4                             0x08003bf8   Number         4  stm32f0xx_hal_uart.o(.text.UART_SetConfig)
    __arm_cp.2_5                             0x08003bfc   Number         4  stm32f0xx_hal_uart.o(.text.UART_SetConfig)
    __arm_cp.2_6                             0x08003c00   Number         4  stm32f0xx_hal_uart.o(.text.UART_SetConfig)
    __arm_cp.2_7                             0x08003c04   Number         4  stm32f0xx_hal_uart.o(.text.UART_SetConfig)
    __arm_cp.2_8                             0x08003c08   Number         4  stm32f0xx_hal_uart.o(.text.UART_SetConfig)
    __arm_cp.2_9                             0x08003c0c   Number         4  stm32f0xx_hal_uart.o(.text.UART_SetConfig)
    [Anonymous Symbol]                       0x08003c10   Section        0  stm32f0xx_hal_uart.o(.text.UART_WaitOnFlagUntilTimeout)
    [Anonymous Symbol]                       0x08003db4   Section        0  stm32f0xx_it.o(.text.USART1_IRQHandler)
    __arm_cp.10_0                            0x08003dc8   Number         4  stm32f0xx_it.o(.text.USART1_IRQHandler)
    [Anonymous Symbol]                       0x08003dcc   Section        0  stm32f0xx_it.o(.text.USART3_4_IRQHandler)
    __arm_cp.11_0                            0x08003de0   Number         4  stm32f0xx_it.o(.text.USART3_4_IRQHandler)
    [Anonymous Symbol]                       0x08003de4   Section        0  i2c-lcd.o(.text.lcd_clear)
    [Anonymous Symbol]                       0x08003e14   Section        0  i2c-lcd.o(.text.lcd_init)
    [Anonymous Symbol]                       0x08003f78   Section        0  i2c-lcd.o(.text.lcd_put_cur)
    [Anonymous Symbol]                       0x08003fbc   Section        0  i2c-lcd.o(.text.lcd_send_data)
    [Anonymous Symbol]                       0x08003ff0   Section        0  i2c-lcd.o(.text.lcd_send_string)
    __arm_cp.5_0                             0x08004038   Number         4  i2c-lcd.o(.text.lcd_send_string)
    [Anonymous Symbol]                       0x0800403c   Section        0  main.o(.text.main)
    __arm_cp.4_42                            0x08004458   Number         4  main.o(.text.main)
    __arm_cp.4_45                            0x08004464   Number         4  main.o(.text.main)
    __arm_cp.4_46                            0x08004468   Number         4  main.o(.text.main)
    __arm_cp.4_48                            0x08004470   Number         4  main.o(.text.main)
    __arm_cp.4_49                            0x08004474   Number         4  main.o(.text.main)
    __arm_cp.4_50                            0x08004478   Number         4  main.o(.text.main)
    __arm_cp.4_51                            0x0800447c   Number         4  main.o(.text.main)
    __arm_cp.4_52                            0x08004480   Number         4  main.o(.text.main)
    __arm_cp.4_53                            0x08004484   Number         4  main.o(.text.main)
    __arm_cp.4_54                            0x08004488   Number         4  main.o(.text.main)
    __arm_cp.4_55                            0x0800448c   Number         4  main.o(.text.main)
    __arm_cp.4_56                            0x08004490   Number         4  main.o(.text.main)
    __arm_cp.4_57                            0x08004494   Number         4  main.o(.text.main)
    __arm_cp.4_58                            0x08004498   Number         4  main.o(.text.main)
    __arm_cp.4_59                            0x0800449c   Number         4  main.o(.text.main)
    __arm_cp.4_60                            0x080044a0   Number         4  main.o(.text.main)
    __arm_cp.4_62                            0x080044a8   Number         4  main.o(.text.main)
    __arm_cp.4_63                            0x08004850   Number         4  main.o(.text.main)
    __arm_cp.4_64                            0x08004854   Number         4  main.o(.text.main)
    __arm_cp.4_65                            0x08004858   Number         4  main.o(.text.main)
    __arm_cp.4_66                            0x0800485c   Number         4  main.o(.text.main)
    __arm_cp.4_67                            0x08004860   Number         4  main.o(.text.main)
    __arm_cp.4_68                            0x08004864   Number         4  main.o(.text.main)
    __arm_cp.4_70                            0x0800486c   Number         4  main.o(.text.main)
    __arm_cp.4_71                            0x08004870   Number         4  main.o(.text.main)
    __arm_cp.4_73                            0x08004878   Number         4  main.o(.text.main)
    __arm_cp.4_1                             0x0800498c   Number         4  main.o(.text.main)
    __arm_cp.4_2                             0x08004990   Number         4  main.o(.text.main)
    __arm_cp.4_5                             0x08004994   Number         4  main.o(.text.main)
    __arm_cp.4_26                            0x08004998   Number         4  main.o(.text.main)
    __arm_cp.4_29                            0x0800499c   Number         4  main.o(.text.main)
    __arm_cp.4_33                            0x080049b8   Number         4  main.o(.text.main)
    __arm_cp.4_34                            0x080049bc   Number         4  main.o(.text.main)
    __arm_cp.4_36                            0x080049c8   Number         4  main.o(.text.main)
    __arm_cp.4_40                            0x080049f0   Number         4  main.o(.text.main)
    [Anonymous Symbol]                       0x08004a00   Section        0  car_control.o(.text.obstacle_avoidance_cmd)
    __arm_cp.3_0                             0x08004b80   Number         4  car_control.o(.text.obstacle_avoidance_cmd)
    __arm_cp.3_1                             0x08004b84   Number         4  car_control.o(.text.obstacle_avoidance_cmd)
    __arm_cp.3_2                             0x08004b88   Number         4  car_control.o(.text.obstacle_avoidance_cmd)
    __arm_cp.3_3                             0x08004b8c   Number         4  car_control.o(.text.obstacle_avoidance_cmd)
    __arm_cp.3_4                             0x08004b90   Number         4  car_control.o(.text.obstacle_avoidance_cmd)
    __arm_cp.3_5                             0x08004b94   Number         4  car_control.o(.text.obstacle_avoidance_cmd)
    __arm_cp.3_6                             0x08004b98   Number         4  car_control.o(.text.obstacle_avoidance_cmd)
    __arm_cp.3_7                             0x08004b9c   Number         4  car_control.o(.text.obstacle_avoidance_cmd)
    i.__0sprintf                             0x08004ba0   Section        0  printfa.o(i.__0sprintf)
    i.__ARM_clz                              0x08004bc8   Section        0  depilogue.o(i.__ARM_clz)
    i.__scatterload_copy                     0x08004bf6   Section       14  handlers.o(i.__scatterload_copy)
    i.__scatterload_null                     0x08004c04   Section        2  handlers.o(i.__scatterload_null)
    i.__scatterload_zeroinit                 0x08004c06   Section       14  handlers.o(i.__scatterload_zeroinit)
    _fp_digits                               0x08004c15   Thumb Code   344  printfa.o(i._fp_digits)
    i._fp_digits                             0x08004c14   Section        0  printfa.o(i._fp_digits)
    _printf_core                             0x08004d89   Thumb Code  1754  printfa.o(i._printf_core)
    i._printf_core                           0x08004d88   Section        0  printfa.o(i._printf_core)
    _printf_post_padding                     0x08005475   Thumb Code    32  printfa.o(i._printf_post_padding)
    i._printf_post_padding                   0x08005474   Section        0  printfa.o(i._printf_post_padding)
    _printf_pre_padding                      0x08005495   Thumb Code    44  printfa.o(i._printf_pre_padding)
    i._printf_pre_padding                    0x08005494   Section        0  printfa.o(i._printf_pre_padding)
    _sputc                                   0x080054c1   Thumb Code    10  printfa.o(i._sputc)
    i._sputc                                 0x080054c0   Section        0  printfa.o(i._sputc)
    HAL_RCC_GetSysClockFreq.aPLLMULFactorTable 0x080054e2   Data          16  stm32f0xx_hal_rcc.o(.rodata.cst16)
    [Anonymous Symbol]                       0x080054e2   Section        0  stm32f0xx_hal_rcc.o(.rodata.cst16)
    HAL_RCC_GetSysClockFreq.aPredivFactorTable 0x080054f2   Data          16  stm32f0xx_hal_rcc.o(.rodata.cst16)
    [Anonymous Symbol]                       0x08005504   Section        0  stm32f0xx_hal_tim.o(.rodata.cst16)
    [Anonymous Symbol]                       0x08005524   Section        0  stm32f0xx_hal_uart.o(.rodata.cst16)
    [Anonymous Symbol]                       0x08005534   Section        0  main.o(.rodata.str1.1)
    [Anonymous Symbol]                       0x20000000   Section        0  stm32f0xx_hal.o(.data..L_MergedGlobals)
    [Anonymous Symbol]                       0x20000018   Section        0  main.o(.bss..L_MergedGlobals)
    [Anonymous Symbol]                       0x20000080   Section        0  stm32f0xx_it.o(.bss..L_MergedGlobals)
    STACK                                    0x200004c0   Section     1024  startup_stm32f072xb.o(STACK)

    Global Symbols

    Symbol Name                              Value     Ov Type        Size  Object(Section)

    BuildAttributes$$THM_ISAv3M$S$PE$A:L22$X:L11$S22$IEEE1$IW$~IW$USESV6$~STKCKD$USESV7$~SHL$OTIME$ROPI$EBA8$MICROLIB$REQ8$PRES8$EABIv2 0x00000000   Number         0  anon$$obj.o ABSOLUTE
    _printf_a                                0x00000000   Number         0  printfstubs.o ABSOLUTE
    _printf_c                                0x00000000   Number         0  printfstubs.o ABSOLUTE
    _printf_charcount                        0x00000000   Number         0  printfstubs.o ABSOLUTE
    _printf_d                                0x00000000   Number         0  printfstubs.o ABSOLUTE
    _printf_e                                0x00000000   Number         0  printfstubs.o ABSOLUTE
    _printf_f                                0x00000000   Number         0  printfstubs.o ABSOLUTE
    _printf_flags                            0x00000000   Number         0  printfstubs.o ABSOLUTE
    _printf_fp_dec                           0x00000000   Number         0  printfstubs.o ABSOLUTE
    _printf_fp_hex                           0x00000000   Number         0  printfstubs.o ABSOLUTE
    _printf_g                                0x00000000   Number         0  printfstubs.o ABSOLUTE
    _printf_i                                0x00000000   Number         0  printfstubs.o ABSOLUTE
    _printf_int_dec                          0x00000000   Number         0  printfstubs.o ABSOLUTE
    _printf_l                                0x00000000   Number         0  printfstubs.o ABSOLUTE
    _printf_lc                               0x00000000   Number         0  printfstubs.o ABSOLUTE
    _printf_ll                               0x00000000   Number         0  printfstubs.o ABSOLUTE
    _printf_lld                              0x00000000   Number         0  printfstubs.o ABSOLUTE
    _printf_lli                              0x00000000   Number         0  printfstubs.o ABSOLUTE
    _printf_llo                              0x00000000   Number         0  printfstubs.o ABSOLUTE
    _printf_llu                              0x00000000   Number         0  printfstubs.o ABSOLUTE
    _printf_llx                              0x00000000   Number         0  printfstubs.o ABSOLUTE
    _printf_longlong_dec                     0x00000000   Number         0  printfstubs.o ABSOLUTE
    _printf_longlong_hex                     0x00000000   Number         0  printfstubs.o ABSOLUTE
    _printf_longlong_oct                     0x00000000   Number         0  printfstubs.o ABSOLUTE
    _printf_ls                               0x00000000   Number         0  printfstubs.o ABSOLUTE
    _printf_mbtowc                           0x00000000   Number         0  printfstubs.o ABSOLUTE
    _printf_n                                0x00000000   Number         0  printfstubs.o ABSOLUTE
    _printf_o                                0x00000000   Number         0  printfstubs.o ABSOLUTE
    _printf_p                                0x00000000   Number         0  printfstubs.o ABSOLUTE
    _printf_percent                          0x00000000   Number         0  printfstubs.o ABSOLUTE
    _printf_pre_padding                      0x00000000   Number         0  printfstubs.o ABSOLUTE
    _printf_return_value                     0x00000000   Number         0  printfstubs.o ABSOLUTE
    _printf_s                                0x00000000   Number         0  printfstubs.o ABSOLUTE
    _printf_sizespec                         0x00000000   Number         0  printfstubs.o ABSOLUTE
    _printf_str                              0x00000000   Number         0  printfstubs.o ABSOLUTE
    _printf_truncate_signed                  0x00000000   Number         0  printfstubs.o ABSOLUTE
    _printf_truncate_unsigned                0x00000000   Number         0  printfstubs.o ABSOLUTE
    _printf_u                                0x00000000   Number         0  printfstubs.o ABSOLUTE
    _printf_wc                               0x00000000   Number         0  printfstubs.o ABSOLUTE
    _printf_wctomb                           0x00000000   Number         0  printfstubs.o ABSOLUTE
    _printf_widthprec                        0x00000000   Number         0  printfstubs.o ABSOLUTE
    _printf_x                                0x00000000   Number         0  printfstubs.o ABSOLUTE
    __cpp_initialize__aeabi_                  - Undefined Weak Reference
    __cxa_finalize                            - Undefined Weak Reference
    __decompress                              - Undefined Weak Reference
    _clock_init                               - Undefined Weak Reference
    _microlib_exit                            - Undefined Weak Reference
    __Vectors_Size                           0x000000c0   Number         0  startup_stm32f072xb.o ABSOLUTE
    __Vectors                                0x08000000   Data           4  startup_stm32f072xb.o(RESET)
    __Vectors_End                            0x080000c0   Data           0  startup_stm32f072xb.o(RESET)
    __main                                   0x080000c1   Thumb Code     0  entry.o(.ARM.Collect$$$$00000000)
    _main_stk                                0x080000c1   Thumb Code     0  entry2.o(.ARM.Collect$$$$00000001)
    _main_scatterload                        0x080000c5   Thumb Code     0  entry5.o(.ARM.Collect$$$$00000004)
    __main_after_scatterload                 0x080000c9   Thumb Code     0  entry5.o(.ARM.Collect$$$$00000004)
    _main_clock                              0x080000c9   Thumb Code     0  entry7b.o(.ARM.Collect$$$$00000008)
    _main_cpp_init                           0x080000c9   Thumb Code     0  entry8b.o(.ARM.Collect$$$$0000000A)
    _main_init                               0x080000c9   Thumb Code     0  entry9a.o(.ARM.Collect$$$$0000000B)
    __rt_final_cpp                           0x080000d1   Thumb Code     0  entry10a.o(.ARM.Collect$$$$0000000D)
    __rt_final_exit                          0x080000d1   Thumb Code     0  entry11a.o(.ARM.Collect$$$$0000000F)
    Reset_Handler                            0x080000d5   Thumb Code     8  startup_stm32f072xb.o(.text)
    ADC1_COMP_IRQHandler                     0x080000e7   Thumb Code     0  startup_stm32f072xb.o(.text)
    CEC_CAN_IRQHandler                       0x080000e7   Thumb Code     0  startup_stm32f072xb.o(.text)
    DMA1_Channel1_IRQHandler                 0x080000e7   Thumb Code     0  startup_stm32f072xb.o(.text)
    DMA1_Channel2_3_IRQHandler               0x080000e7   Thumb Code     0  startup_stm32f072xb.o(.text)
    DMA1_Channel4_5_6_7_IRQHandler           0x080000e7   Thumb Code     0  startup_stm32f072xb.o(.text)
    EXTI0_1_IRQHandler                       0x080000e7   Thumb Code     0  startup_stm32f072xb.o(.text)
    EXTI2_3_IRQHandler                       0x080000e7   Thumb Code     0  startup_stm32f072xb.o(.text)
    FLASH_IRQHandler                         0x080000e7   Thumb Code     0  startup_stm32f072xb.o(.text)
    I2C1_IRQHandler                          0x080000e7   Thumb Code     0  startup_stm32f072xb.o(.text)
    I2C2_IRQHandler                          0x080000e7   Thumb Code     0  startup_stm32f072xb.o(.text)
    PVD_VDDIO2_IRQHandler                    0x080000e7   Thumb Code     0  startup_stm32f072xb.o(.text)
    RCC_CRS_IRQHandler                       0x080000e7   Thumb Code     0  startup_stm32f072xb.o(.text)
    RTC_IRQHandler                           0x080000e7   Thumb Code     0  startup_stm32f072xb.o(.text)
    SPI1_IRQHandler                          0x080000e7   Thumb Code     0  startup_stm32f072xb.o(.text)
    SPI2_IRQHandler                          0x080000e7   Thumb Code     0  startup_stm32f072xb.o(.text)
    TIM14_IRQHandler                         0x080000e7   Thumb Code     0  startup_stm32f072xb.o(.text)
    TIM15_IRQHandler                         0x080000e7   Thumb Code     0  startup_stm32f072xb.o(.text)
    TIM17_IRQHandler                         0x080000e7   Thumb Code     0  startup_stm32f072xb.o(.text)
    TIM1_BRK_UP_TRG_COM_IRQHandler           0x080000e7   Thumb Code     0  startup_stm32f072xb.o(.text)
    TIM2_IRQHandler                          0x080000e7   Thumb Code     0  startup_stm32f072xb.o(.text)
    TIM3_IRQHandler                          0x080000e7   Thumb Code     0  startup_stm32f072xb.o(.text)
    TSC_IRQHandler                           0x080000e7   Thumb Code     0  startup_stm32f072xb.o(.text)
    USART2_IRQHandler                        0x080000e7   Thumb Code     0  startup_stm32f072xb.o(.text)
    USB_IRQHandler                           0x080000e7   Thumb Code     0  startup_stm32f072xb.o(.text)
    WWDG_IRQHandler                          0x080000e7   Thumb Code     0  startup_stm32f072xb.o(.text)
    __aeabi_llsr                             0x080000f1   Thumb Code    34  llushr.o(.text)
    _ll_ushift_r                             0x080000f1   Thumb Code     0  llushr.o(.text)
    __aeabi_memset                           0x08000113   Thumb Code    14  memseta.o(.text)
    __aeabi_memset4                          0x08000113   Thumb Code     0  memseta.o(.text)
    __aeabi_memset8                          0x08000113   Thumb Code     0  memseta.o(.text)
    __aeabi_memclr                           0x08000121   Thumb Code     4  memseta.o(.text)
    __aeabi_memclr4                          0x08000121   Thumb Code     0  memseta.o(.text)
    __aeabi_memclr8                          0x08000121   Thumb Code     0  memseta.o(.text)
    _memset$wrapper                          0x08000125   Thumb Code    18  memseta.o(.text)
    __aeabi_dmul                             0x08000139   Thumb Code   202  dmul.o(.text)
    __aeabi_ddiv                             0x08000209   Thumb Code   234  ddiv.o(.text)
    __aeabi_ui2d                             0x080002f9   Thumb Code    24  dfltui.o(.text)
    __aeabi_d2iz                             0x08000315   Thumb Code    62  dfixi.o(.text)
    __aeabi_f2d                              0x0800035d   Thumb Code    40  f2d.o(.text)
    __aeabi_d2f                              0x08000385   Thumb Code    56  d2f.o(.text)
    __aeabi_uidiv                            0x080003bd   Thumb Code     0  uidiv_div0.o(.text)
    __aeabi_uidivmod                         0x080003bd   Thumb Code    62  uidiv_div0.o(.text)
    __aeabi_uldivmod                         0x080003fb   Thumb Code    96  uldiv.o(.text)
    __I$use$fp                               0x0800045b   Thumb Code     0  iusefp.o(.text)
    _float_round                             0x0800045b   Thumb Code    16  fepilogue.o(.text)
    _float_epilogue                          0x0800046b   Thumb Code   114  fepilogue.o(.text)
    _double_round                            0x080004dd   Thumb Code    26  depilogue.o(.text)
    _double_epilogue                         0x080004f7   Thumb Code   164  depilogue.o(.text)
    __aeabi_dadd                             0x0800059d   Thumb Code   328  dadd.o(.text)
    __aeabi_dsub                             0x080006e5   Thumb Code    12  dadd.o(.text)
    __aeabi_drsub                            0x080006f1   Thumb Code    12  dadd.o(.text)
    __aeabi_d2ulz                            0x08000701   Thumb Code    54  dfixul.o(.text)
    __aeabi_cdrcmple                         0x08000741   Thumb Code    38  cdrcmple.o(.text)
    __scatterload                            0x08000769   Thumb Code    28  init.o(.text)
    __scatterload_rt2                        0x08000769   Thumb Code     0  init.o(.text)
    __aeabi_llsl                             0x0800078d   Thumb Code    32  llshl.o(.text)
    _ll_shift_l                              0x0800078d   Thumb Code     0  llshl.o(.text)
    __aeabi_lasr                             0x080007ad   Thumb Code    38  llsshr.o(.text)
    _ll_sshift_r                             0x080007ad   Thumb Code     0  llsshr.o(.text)
    Car_Switch_CMD                           0x080007d5   Thumb Code   624  car_control.o(.text.Car_Switch_CMD)
    Car_direction                            0x08000a4d   Thumb Code   132  car_control.o(.text.Car_direction)
    DF_Init                                  0x08000add   Thumb Code   128  dfplayer_mini.o(.text.DF_Init)
    DF_Next                                  0x08000b61   Thumb Code    64  dfplayer_mini.o(.text.DF_Next)
    DF_Pause                                 0x08000ba1   Thumb Code    64  dfplayer_mini.o(.text.DF_Pause)
    DF_PlayFromStart                         0x08000be1   Thumb Code    68  dfplayer_mini.o(.text.DF_PlayFromStart)
    DF_Playback                              0x08000c25   Thumb Code    64  dfplayer_mini.o(.text.DF_Playback)
    DF_Previous                              0x08000c65   Thumb Code    64  dfplayer_mini.o(.text.DF_Previous)
    DF_design                                0x08000ca5   Thumb Code    64  dfplayer_mini.o(.text.DF_design)
    DF_stop_play                             0x08000ce9   Thumb Code    64  dfplayer_mini.o(.text.DF_stop_play)
    DF_volume_down                           0x08000d29   Thumb Code    64  dfplayer_mini.o(.text.DF_volume_down)
    DF_volume_up                             0x08000d69   Thumb Code    64  dfplayer_mini.o(.text.DF_volume_up)
    DHT22_Check_Response                     0x08000dad   Thumb Code    72  dht22_function.o(.text.DHT22_Check_Response)
    DHT22_Read                               0x08000df5   Thumb Code   412  dht22_function.o(.text.DHT22_Read)
    DHT22_Start                              0x08000f91   Thumb Code    84  dht22_function.o(.text.DHT22_Start)
    Delay_timer16_10us                       0x08000fe9   Thumb Code    56  timer_control.o(.text.Delay_timer16_10us)
    Delay_timer6_1ms                         0x08001025   Thumb Code    56  timer_control.o(.text.Delay_timer6_1ms)
    Display_Rh                               0x08001061   Thumb Code    64  dht22_function.o(.text.Display_Rh)
    Display_Temp                             0x080010a9   Thumb Code    60  dht22_function.o(.text.Display_Temp)
    EXTI4_15_IRQHandler                      0x080010ed   Thumb Code   112  stm32f0xx_it.o(.text.EXTI4_15_IRQHandler)
    Enable_PWM_CH3                           0x0800116d   Thumb Code    24  car_control.o(.text.Enable_PWM_CH3)
    Enable_PWM_CH4                           0x08001185   Thumb Code    24  car_control.o(.text.Enable_PWM_CH4)
    HAL_ADC_ConfigChannel                    0x080011a1   Thumb Code   300  stm32f0xx_hal_adc.o(.text.HAL_ADC_ConfigChannel)
    HAL_ADC_Init                             0x080012e9   Thumb Code   336  stm32f0xx_hal_adc.o(.text.HAL_ADC_Init)
    HAL_ADC_MspInit                          0x08001441   Thumb Code    80  stm32f0xx_hal_msp.o(.text.HAL_ADC_MspInit)
    HAL_Delay                                0x0800149d   Thumb Code    32  stm32f0xx_hal.o(.text.HAL_Delay)
    HAL_GPIO_Init                            0x080014c1   Thumb Code   392  stm32f0xx_hal_gpio.o(.text.HAL_GPIO_Init)
    HAL_GPIO_ReadPin                         0x08001659   Thumb Code    10  stm32f0xx_hal_gpio.o(.text.HAL_GPIO_ReadPin)
    HAL_GPIO_WritePin                        0x08001663   Thumb Code    16  stm32f0xx_hal_gpio.o(.text.HAL_GPIO_WritePin)
    HAL_GetTick                              0x08001675   Thumb Code     8  stm32f0xx_hal.o(.text.HAL_GetTick)
    HAL_I2CEx_ConfigAnalogFilter             0x0800167d   Thumb Code    66  stm32f0xx_hal_i2c_ex.o(.text.HAL_I2CEx_ConfigAnalogFilter)
    HAL_I2CEx_ConfigDigitalFilter            0x080016bf   Thumb Code    66  stm32f0xx_hal_i2c_ex.o(.text.HAL_I2CEx_ConfigDigitalFilter)
    HAL_I2C_Init                             0x08001701   Thumb Code   160  stm32f0xx_hal_i2c.o(.text.HAL_I2C_Init)
    HAL_I2C_Master_Transmit                  0x080017a9   Thumb Code   384  stm32f0xx_hal_i2c.o(.text.HAL_I2C_Master_Transmit)
    HAL_I2C_MspInit                          0x08001945   Thumb Code    84  stm32f0xx_hal_msp.o(.text.HAL_I2C_MspInit)
    HAL_IncTick                              0x080019a5   Thumb Code    16  stm32f0xx_hal.o(.text.HAL_IncTick)
    HAL_Init                                 0x080019b9   Thumb Code    28  stm32f0xx_hal.o(.text.HAL_Init)
    HAL_InitTick                             0x080019d5   Thumb Code    60  stm32f0xx_hal.o(.text.HAL_InitTick)
    HAL_MspInit                              0x08001a15   Thumb Code    40  stm32f0xx_hal_msp.o(.text.HAL_MspInit)
    HAL_NVIC_EnableIRQ                       0x08001a41   Thumb Code    20  stm32f0xx_hal_cortex.o(.text.HAL_NVIC_EnableIRQ)
    HAL_NVIC_SetPriority                     0x08001a59   Thumb Code    48  stm32f0xx_hal_cortex.o(.text.HAL_NVIC_SetPriority)
    HAL_RCCEx_PeriphCLKConfig                0x08001a91   Thumb Code   316  stm32f0xx_hal_rcc_ex.o(.text.HAL_RCCEx_PeriphCLKConfig)
    HAL_RCC_ClockConfig                      0x08001bd9   Thumb Code   344  stm32f0xx_hal_rcc.o(.text.HAL_RCC_ClockConfig)
    HAL_RCC_GetPCLK1Freq                     0x08001d3d   Thumb Code    20  stm32f0xx_hal_rcc.o(.text.HAL_RCC_GetPCLK1Freq)
    HAL_RCC_GetSysClockFreq                  0x08001d59   Thumb Code    84  stm32f0xx_hal_rcc.o(.text.HAL_RCC_GetSysClockFreq)
    HAL_RCC_OscConfig                        0x08001dc1   Thumb Code  1184  stm32f0xx_hal_rcc.o(.text.HAL_RCC_OscConfig)
    HAL_SYSTICK_Config                       0x08002269   Thumb Code    40  stm32f0xx_hal_cortex.o(.text.HAL_SYSTICK_Config)
    HAL_TIMEx_BreakCallback                  0x0800229d   Thumb Code     2  stm32f0xx_hal_tim_ex.o(.text.HAL_TIMEx_BreakCallback)
    HAL_TIMEx_CommutCallback                 0x0800229f   Thumb Code     2  stm32f0xx_hal_tim_ex.o(.text.HAL_TIMEx_CommutCallback)
    HAL_TIMEx_ConfigBreakDeadTime            0x080022a1   Thumb Code    90  stm32f0xx_hal_tim_ex.o(.text.HAL_TIMEx_ConfigBreakDeadTime)
    HAL_TIMEx_MasterConfigSynchronization    0x080022fd   Thumb Code    92  stm32f0xx_hal_tim_ex.o(.text.HAL_TIMEx_MasterConfigSynchronization)
    HAL_TIM_Base_Init                        0x08002359   Thumb Code   220  stm32f0xx_hal_tim.o(.text.HAL_TIM_Base_Init)
    HAL_TIM_Base_MspInit                     0x08002455   Thumb Code   116  stm32f0xx_hal_msp.o(.text.HAL_TIM_Base_MspInit)
    HAL_TIM_IC_CaptureCallback               0x080024d9   Thumb Code   296  main.o(.text.HAL_TIM_IC_CaptureCallback)
    HAL_TIM_IC_ConfigChannel                 0x0800261d   Thumb Code   384  stm32f0xx_hal_tim.o(.text.HAL_TIM_IC_ConfigChannel)
    HAL_TIM_IC_Init                          0x080027ad   Thumb Code   220  stm32f0xx_hal_tim.o(.text.HAL_TIM_IC_Init)
    HAL_TIM_IC_MspInit                       0x0800289d   Thumb Code   100  stm32f0xx_hal_msp.o(.text.HAL_TIM_IC_MspInit)
    HAL_TIM_IC_Start_IT                      0x08002901   Thumb Code   208  stm32f0xx_hal_tim.o(.text.HAL_TIM_IC_Start_IT)
    HAL_TIM_IRQHandler                       0x080029e5   Thumb Code   328  stm32f0xx_hal_tim.o(.text.HAL_TIM_IRQHandler)
    HAL_TIM_MspPostInit                      0x08002b2d   Thumb Code   108  stm32f0xx_hal_msp.o(.text.HAL_TIM_MspPostInit)
    HAL_TIM_OC_DelayElapsedCallback          0x08002bad   Thumb Code     2  stm32f0xx_hal_tim.o(.text.HAL_TIM_OC_DelayElapsedCallback)
    HAL_TIM_PWM_ConfigChannel                0x08002bb1   Thumb Code   644  stm32f0xx_hal_tim.o(.text.HAL_TIM_PWM_ConfigChannel)
    HAL_TIM_PWM_Init                         0x08002e39   Thumb Code   220  stm32f0xx_hal_tim.o(.text.HAL_TIM_PWM_Init)
    HAL_TIM_PWM_MspInit                      0x08002f35   Thumb Code    64  stm32f0xx_hal_msp.o(.text.HAL_TIM_PWM_MspInit)
    HAL_TIM_PWM_PulseFinishedCallback        0x08002f79   Thumb Code     2  stm32f0xx_hal_tim.o(.text.HAL_TIM_PWM_PulseFinishedCallback)
    HAL_TIM_PWM_Start_IT                     0x08002f7d   Thumb Code   212  stm32f0xx_hal_tim.o(.text.HAL_TIM_PWM_Start_IT)
    HAL_TIM_PWM_Stop_IT                      0x08003069   Thumb Code   164  stm32f0xx_hal_tim.o(.text.HAL_TIM_PWM_Stop_IT)
    HAL_TIM_PeriodElapsedCallback            0x0800311d   Thumb Code     2  stm32f0xx_hal_tim.o(.text.HAL_TIM_PeriodElapsedCallback)
    HAL_TIM_ReadCapturedValue                0x08003121   Thumb Code    56  stm32f0xx_hal_tim.o(.text.HAL_TIM_ReadCapturedValue)
    HAL_TIM_TriggerCallback                  0x08003159   Thumb Code     2  stm32f0xx_hal_tim.o(.text.HAL_TIM_TriggerCallback)
    HAL_UART_Init                            0x0800315b   Thumb Code   106  stm32f0xx_hal_uart.o(.text.HAL_UART_Init)
    HAL_UART_MspInit                         0x080031c5   Thumb Code   344  stm32f0xx_hal_msp.o(.text.HAL_UART_MspInit)
    HAL_UART_Transmit                        0x08003339   Thumb Code   212  stm32f0xx_hal_uart.o(.text.HAL_UART_Transmit)
    HardFault_Handler                        0x08003411   Thumb Code     2  stm32f0xx_it.o(.text.HardFault_Handler)
    NMI_Handler                              0x0800379f   Thumb Code     2  stm32f0xx_it.o(.text.NMI_Handler)
    PWM_Level_TIM15_CH1                      0x080037a1   Thumb Code     8  car_control.o(.text.PWM_Level_TIM15_CH1)
    Parking_sensors_cmd                      0x080037ad   Thumb Code    80  car_control.o(.text.Parking_sensors_cmd)
    PendSV_Handler                           0x08003809   Thumb Code     2  stm32f0xx_it.o(.text.PendSV_Handler)
    SVC_Handler                              0x0800380b   Thumb Code     2  stm32f0xx_it.o(.text.SVC_Handler)
    SysTick_Handler                          0x0800380d   Thumb Code     8  stm32f0xx_it.o(.text.SysTick_Handler)
    SystemInit                               0x08003815   Thumb Code     2  system_stm32f0xx.o(.text.SystemInit)
    TIM16_IRQHandler                         0x08003819   Thumb Code    20  stm32f0xx_it.o(.text.TIM16_IRQHandler)
    TIM1_CC_IRQHandler                       0x08003835   Thumb Code    12  stm32f0xx_it.o(.text.TIM1_CC_IRQHandler)
    TIM6_DAC_IRQHandler                      0x08003845   Thumb Code    20  stm32f0xx_it.o(.text.TIM6_DAC_IRQHandler)
    TIM7_IRQHandler                          0x08003861   Thumb Code   172  stm32f0xx_it.o(.text.TIM7_IRQHandler)
    UART_AdvFeatureConfig                    0x08003925   Thumb Code   210  stm32f0xx_hal_uart.o(.text.UART_AdvFeatureConfig)
    UART_CheckIdleState                      0x080039f9   Thumb Code   192  stm32f0xx_hal_uart.o(.text.UART_CheckIdleState)
    UART_SetConfig                           0x08003abd   Thumb Code   300  stm32f0xx_hal_uart.o(.text.UART_SetConfig)
    UART_WaitOnFlagUntilTimeout              0x08003c11   Thumb Code   418  stm32f0xx_hal_uart.o(.text.UART_WaitOnFlagUntilTimeout)
    USART1_IRQHandler                        0x08003db5   Thumb Code    20  stm32f0xx_it.o(.text.USART1_IRQHandler)
    USART3_4_IRQHandler                      0x08003dcd   Thumb Code    20  stm32f0xx_it.o(.text.USART3_4_IRQHandler)
    lcd_clear                                0x08003de5   Thumb Code    48  i2c-lcd.o(.text.lcd_clear)
    lcd_init                                 0x08003e15   Thumb Code   356  i2c-lcd.o(.text.lcd_init)
    lcd_put_cur                              0x08003f79   Thumb Code    68  i2c-lcd.o(.text.lcd_put_cur)
    lcd_send_data                            0x08003fbd   Thumb Code    52  i2c-lcd.o(.text.lcd_send_data)
    lcd_send_string                          0x08003ff1   Thumb Code    72  i2c-lcd.o(.text.lcd_send_string)
    main                                     0x0800403d   Thumb Code  2384  main.o(.text.main)
    obstacle_avoidance_cmd                   0x08004a01   Thumb Code   384  car_control.o(.text.obstacle_avoidance_cmd)
    __0sprintf                               0x08004ba1   Thumb Code    36  printfa.o(i.__0sprintf)
    __1sprintf                               0x08004ba1   Thumb Code     0  printfa.o(i.__0sprintf)
    __2sprintf                               0x08004ba1   Thumb Code     0  printfa.o(i.__0sprintf)
    __c89sprintf                             0x08004ba1   Thumb Code     0  printfa.o(i.__0sprintf)
    sprintf                                  0x08004ba1   Thumb Code     0  printfa.o(i.__0sprintf)
    __ARM_clz                                0x08004bc9   Thumb Code    46  depilogue.o(i.__ARM_clz)
    __scatterload_copy                       0x08004bf7   Thumb Code    14  handlers.o(i.__scatterload_copy)
    __scatterload_null                       0x08004c05   Thumb Code     2  handlers.o(i.__scatterload_null)
    __scatterload_zeroinit                   0x08004c07   Thumb Code    14  handlers.o(i.__scatterload_zeroinit)
    AHBPrescTable                            0x080054ca   Data          16  system_stm32f0xx.o(.rodata.AHBPrescTable)
    APBPrescTable                            0x080054da   Data           8  system_stm32f0xx.o(.rodata.APBPrescTable)
    Region$$Table$$Base                      0x08005538   Number         0  anon$$obj.o(Region$$Table)
    Region$$Table$$Limit                     0x08005558   Number         0  anon$$obj.o(Region$$Table)
    uwTickFreq                               0x20000000   Data           1  stm32f0xx_hal.o(.data..L_MergedGlobals)
    uwTickPrio                               0x20000004   Data           4  stm32f0xx_hal.o(.data..L_MergedGlobals)
    Car_mod                                  0x20000008   Data           1  stm32f0xx_it.o(.data.Car_mod)
    Distance                                 0x20000009   Data           1  main.o(.data.Distance)
    SystemCoreClock                          0x2000000c   Data           4  system_stm32f0xx.o(.data.SystemCoreClock)
    motor_counter                            0x20000010   Data           1  car_control.o(.data.motor_counter)
    servo_motor_flag                         0x20000018   Data           1  main.o(.bss..L_MergedGlobals)
    times                                    0x20000019   Data           1  main.o(.bss..L_MergedGlobals)
    lcd_flag                                 0x2000001a   Data           1  main.o(.bss..L_MergedGlobals)
    Presence                                 0x2000001b   Data           1  main.o(.bss..L_MergedGlobals)
    Is_First_Captured                        0x2000001c   Data           1  main.o(.bss..L_MergedGlobals)
    Rh_byte1                                 0x2000001d   Data           1  main.o(.bss..L_MergedGlobals)
    Rh_byte2                                 0x2000001e   Data           1  main.o(.bss..L_MergedGlobals)
    Temp_byte1                               0x2000001f   Data           1  main.o(.bss..L_MergedGlobals)
    Temp_byte2                               0x20000020   Data           1  main.o(.bss..L_MergedGlobals)
    SUM                                      0x20000022   Data           2  main.o(.bss..L_MergedGlobals)
    TEMP                                     0x20000024   Data           2  main.o(.bss..L_MergedGlobals)
    RH                                       0x20000026   Data           2  main.o(.bss..L_MergedGlobals)
    Temperature                              0x20000028   Data           4  main.o(.bss..L_MergedGlobals)
    Humidity                                 0x2000002c   Data           4  main.o(.bss..L_MergedGlobals)
    IC_Val1                                  0x20000030   Data           4  main.o(.bss..L_MergedGlobals)
    IC_Val2                                  0x20000034   Data           4  main.o(.bss..L_MergedGlobals)
    Difference                               0x20000038   Data           4  main.o(.bss..L_MergedGlobals)
    Car_state                                0x2000003c   Data           4  main.o(.bss..L_MergedGlobals)
    hadc                                     0x20000040   Data          64  main.o(.bss..L_MergedGlobals)
    Timer7_counter                           0x20000080   Data           4  stm32f0xx_it.o(.bss..L_MergedGlobals)
    ADC_value                                0x20000084   Data           8  stm32f0xx_it.o(.bss..L_MergedGlobals)
    Distance_array                           0x2000008c   Data           2  car_control.o(.bss.Distance_array)
    Timer16_counter                          0x20000090   Data           4  stm32f0xx_it.o(.bss.Timer16_counter)
    Timer6_counter                           0x20000094   Data           4  stm32f0xx_it.o(.bss.Timer6_counter)
    hi2c1                                    0x20000098   Data          84  main.o(.bss.hi2c1)
    htim1                                    0x200000ec   Data          72  main.o(.bss.htim1)
    htim15                                   0x20000134   Data          72  main.o(.bss.htim15)
    htim16                                   0x2000017c   Data          72  main.o(.bss.htim16)
    htim3                                    0x200001c4   Data          72  main.o(.bss.htim3)
    htim6                                    0x2000020c   Data          72  main.o(.bss.htim6)
    htim7                                    0x20000254   Data          72  main.o(.bss.htim7)
    huart1                                   0x2000029c   Data         136  main.o(.bss.huart1)
    huart2                                   0x20000324   Data         136  main.o(.bss.huart2)
    huart3                                   0x200003ac   Data         136  main.o(.bss.huart3)
    huart4                                   0x20000434   Data         136  main.o(.bss.huart4)
    uwTick                                   0x200004bc   Data           4  stm32f0xx_hal.o(.bss.uwTick)
    __initial_sp                             0x200008c0   Data           0  startup_stm32f072xb.o(STACK)



==============================================================================

Memory Map of the image

  Image Entry point : 0x080000c1

  Load Region LR_IROM1 (Base: 0x08000000, Size: 0x00005570, Max: 0x00020000, ABSOLUTE)

    Execution Region ER_IROM1 (Exec base: 0x08000000, Load base: 0x08000000, Size: 0x00005558, Max: 0x00020000, ABSOLUTE)

    Exec Addr    Load Addr    Size         Type   Attr      Idx    E Section Name        Object

    0x08000000   0x08000000   0x000000c0   Data   RO            3    RESET               startup_stm32f072xb.o
    0x080000c0   0x080000c0   0x00000000   Code   RO         1372  * .ARM.Collect$$$$00000000  mc_p.l(entry.o)
    0x080000c0   0x080000c0   0x00000004   Code   RO         1668    .ARM.Collect$$$$00000001  mc_p.l(entry2.o)
    0x080000c4   0x080000c4   0x00000004   Code   RO         1671    .ARM.Collect$$$$00000004  mc_p.l(entry5.o)
    0x080000c8   0x080000c8   0x00000000   Code   RO         1673    .ARM.Collect$$$$00000008  mc_p.l(entry7b.o)
    0x080000c8   0x080000c8   0x00000000   Code   RO         1675    .ARM.Collect$$$$0000000A  mc_p.l(entry8b.o)
    0x080000c8   0x080000c8   0x00000008   Code   RO         1676    .ARM.Collect$$$$0000000B  mc_p.l(entry9a.o)
    0x080000d0   0x080000d0   0x00000000   Code   RO         1678    .ARM.Collect$$$$0000000D  mc_p.l(entry10a.o)
    0x080000d0   0x080000d0   0x00000000   Code   RO         1680    .ARM.Collect$$$$0000000F  mc_p.l(entry11a.o)
    0x080000d0   0x080000d0   0x00000004   Code   RO         1669    .ARM.Collect$$$$00002712  mc_p.l(entry2.o)
    0x080000d4   0x080000d4   0x0000001c   Code   RO            4    .text               startup_stm32f072xb.o
    0x080000f0   0x080000f0   0x00000022   Code   RO         1391    .text               mc_p.l(llushr.o)
    0x08000112   0x08000112   0x00000024   Code   RO         1393    .text               mc_p.l(memseta.o)
    0x08000136   0x08000136   0x00000002   PAD
    0x08000138   0x08000138   0x000000d0   Code   RO         1656    .text               mf_p.l(dmul.o)
    0x08000208   0x08000208   0x000000f0   Code   RO         1658    .text               mf_p.l(ddiv.o)
    0x080002f8   0x080002f8   0x0000001c   Code   RO         1660    .text               mf_p.l(dfltui.o)
    0x08000314   0x08000314   0x00000048   Code   RO         1662    .text               mf_p.l(dfixi.o)
    0x0800035c   0x0800035c   0x00000028   Code   RO         1664    .text               mf_p.l(f2d.o)
    0x08000384   0x08000384   0x00000038   Code   RO         1666    .text               mf_p.l(d2f.o)
    0x080003bc   0x080003bc   0x0000003e   Code   RO         1686    .text               mc_p.l(uidiv_div0.o)
    0x080003fa   0x080003fa   0x00000060   Code   RO         1692    .text               mc_p.l(uldiv.o)
    0x0800045a   0x0800045a   0x00000000   Code   RO         1694    .text               mc_p.l(iusefp.o)
    0x0800045a   0x0800045a   0x00000082   Code   RO         1695    .text               mf_p.l(fepilogue.o)
    0x080004dc   0x080004dc   0x000000be   Code   RO         1697    .text               mf_p.l(depilogue.o)
    0x0800059a   0x0800059a   0x00000002   PAD
    0x0800059c   0x0800059c   0x00000164   Code   RO         1701    .text               mf_p.l(dadd.o)
    0x08000700   0x08000700   0x00000040   Code   RO         1703    .text               mf_p.l(dfixul.o)
    0x08000740   0x08000740   0x00000028   Code   RO         1705    .text               mf_p.l(cdrcmple.o)
    0x08000768   0x08000768   0x00000024   Code   RO         1707    .text               mc_p.l(init.o)
    0x0800078c   0x0800078c   0x00000020   Code   RO         1709    .text               mc_p.l(llshl.o)
    0x080007ac   0x080007ac   0x00000026   Code   RO         1711    .text               mc_p.l(llsshr.o)
    0x080007d2   0x080007d2   0x00000002   PAD
    0x080007d4   0x080007d4   0x00000278   Code   RO           50    .text.Car_Switch_CMD  car_control.o
    0x08000a4c   0x08000a4c   0x00000090   Code   RO           40    .text.Car_direction  car_control.o
    0x08000adc   0x08000adc   0x00000084   Code   RO          124    .text.DF_Init       dfplayer_mini.o
    0x08000b60   0x08000b60   0x00000040   Code   RO          130    .text.DF_Next       dfplayer_mini.o
    0x08000ba0   0x08000ba0   0x00000040   Code   RO          132    .text.DF_Pause      dfplayer_mini.o
    0x08000be0   0x08000be0   0x00000044   Code   RO          122    .text.DF_PlayFromStart  dfplayer_mini.o
    0x08000c24   0x08000c24   0x00000040   Code   RO          136    .text.DF_Playback   dfplayer_mini.o
    0x08000c64   0x08000c64   0x00000040   Code   RO          134    .text.DF_Previous   dfplayer_mini.o
    0x08000ca4   0x08000ca4   0x00000044   Code   RO          144    .text.DF_design     dfplayer_mini.o
    0x08000ce8   0x08000ce8   0x00000040   Code   RO          142    .text.DF_stop_play  dfplayer_mini.o
    0x08000d28   0x08000d28   0x00000040   Code   RO          140    .text.DF_volume_down  dfplayer_mini.o
    0x08000d68   0x08000d68   0x00000044   Code   RO          138    .text.DF_volume_up  dfplayer_mini.o
    0x08000dac   0x08000dac   0x00000048   Code   RO          108    .text.DHT22_Check_Response  dht22_function.o
    0x08000df4   0x08000df4   0x0000019c   Code   RO          110    .text.DHT22_Read    dht22_function.o
    0x08000f90   0x08000f90   0x00000058   Code   RO          106    .text.DHT22_Start   dht22_function.o
    0x08000fe8   0x08000fe8   0x0000003c   Code   RO           30    .text.Delay_timer16_10us  timer_control.o
    0x08001024   0x08001024   0x0000003c   Code   RO           26    .text.Delay_timer6_1ms  timer_control.o
    0x08001060   0x08001060   0x00000048   Code   RO          104    .text.Display_Rh    dht22_function.o
    0x080010a8   0x080010a8   0x00000044   Code   RO          102    .text.Display_Temp  dht22_function.o
    0x080010ec   0x080010ec   0x00000080   Code   RO          203    .text.EXTI4_15_IRQHandler  stm32f0xx_it.o
    0x0800116c   0x0800116c   0x00000018   Code   RO           58    .text.Enable_PWM_CH3  car_control.o
    0x08001184   0x08001184   0x0000001c   Code   RO           62    .text.Enable_PWM_CH4  car_control.o
    0x080011a0   0x080011a0   0x00000148   Code   RO          309    .text.HAL_ADC_ConfigChannel  stm32f0xx_hal_adc.o
    0x080012e8   0x080012e8   0x00000158   Code   RO          265    .text.HAL_ADC_Init  stm32f0xx_hal_adc.o
    0x08001440   0x08001440   0x0000005c   Code   RO          231    .text.HAL_ADC_MspInit  stm32f0xx_hal_msp.o
    0x0800149c   0x0800149c   0x00000024   Code   RO          421    .text.HAL_Delay     stm32f0xx_hal.o
    0x080014c0   0x080014c0   0x00000198   Code   RO          631    .text.HAL_GPIO_Init  stm32f0xx_hal_gpio.o
    0x08001658   0x08001658   0x0000000a   Code   RO          635    .text.HAL_GPIO_ReadPin  stm32f0xx_hal_gpio.o
    0x08001662   0x08001662   0x00000010   Code   RO          637    .text.HAL_GPIO_WritePin  stm32f0xx_hal_gpio.o
    0x08001672   0x08001672   0x00000002   PAD
    0x08001674   0x08001674   0x00000008   Code   RO          413    .text.HAL_GetTick   stm32f0xx_hal.o
    0x0800167c   0x0800167c   0x00000042   Code   RO          611    .text.HAL_I2CEx_ConfigAnalogFilter  stm32f0xx_hal_i2c_ex.o
    0x080016be   0x080016be   0x00000042   Code   RO          613    .text.HAL_I2CEx_ConfigDigitalFilter  stm32f0xx_hal_i2c_ex.o
    0x08001700   0x08001700   0x000000a8   Code   RO          457    .text.HAL_I2C_Init  stm32f0xx_hal_i2c.o
    0x080017a8   0x080017a8   0x0000019c   Code   RO          465    .text.HAL_I2C_Master_Transmit  stm32f0xx_hal_i2c.o
    0x08001944   0x08001944   0x00000060   Code   RO          235    .text.HAL_I2C_MspInit  stm32f0xx_hal_msp.o
    0x080019a4   0x080019a4   0x00000014   Code   RO          411    .text.HAL_IncTick   stm32f0xx_hal.o
    0x080019b8   0x080019b8   0x0000001c   Code   RO          401    .text.HAL_Init      stm32f0xx_hal.o
    0x080019d4   0x080019d4   0x00000040   Code   RO          403    .text.HAL_InitTick  stm32f0xx_hal.o
    0x08001a14   0x08001a14   0x0000002c   Code   RO          229    .text.HAL_MspInit   stm32f0xx_hal_msp.o
    0x08001a40   0x08001a40   0x00000018   Code   RO          689    .text.HAL_NVIC_EnableIRQ  stm32f0xx_hal_cortex.o
    0x08001a58   0x08001a58   0x00000038   Code   RO          687    .text.HAL_NVIC_SetPriority  stm32f0xx_hal_cortex.o
    0x08001a90   0x08001a90   0x00000148   Code   RO          369    .text.HAL_RCCEx_PeriphCLKConfig  stm32f0xx_hal_rcc_ex.o
    0x08001bd8   0x08001bd8   0x00000164   Code   RO          338    .text.HAL_RCC_ClockConfig  stm32f0xx_hal_rcc.o
    0x08001d3c   0x08001d3c   0x0000001c   Code   RO          350    .text.HAL_RCC_GetPCLK1Freq  stm32f0xx_hal_rcc.o
    0x08001d58   0x08001d58   0x00000068   Code   RO          340    .text.HAL_RCC_GetSysClockFreq  stm32f0xx_hal_rcc.o
    0x08001dc0   0x08001dc0   0x000004a8   Code   RO          336    .text.HAL_RCC_OscConfig  stm32f0xx_hal_rcc.o
    0x08002268   0x08002268   0x00000034   Code   RO          695    .text.HAL_SYSTICK_Config  stm32f0xx_hal_cortex.o
    0x0800229c   0x0800229c   0x00000002   Code   RO         1163    .text.HAL_TIMEx_BreakCallback  stm32f0xx_hal_tim_ex.o
    0x0800229e   0x0800229e   0x00000002   Code   RO         1159    .text.HAL_TIMEx_CommutCallback  stm32f0xx_hal_tim_ex.o
    0x080022a0   0x080022a0   0x0000005a   Code   RO         1155    .text.HAL_TIMEx_ConfigBreakDeadTime  stm32f0xx_hal_tim_ex.o
    0x080022fa   0x080022fa   0x00000002   PAD
    0x080022fc   0x080022fc   0x0000005c   Code   RO         1153    .text.HAL_TIMEx_MasterConfigSynchronization  stm32f0xx_hal_tim_ex.o
    0x08002358   0x08002358   0x000000fc   Code   RO          858    .text.HAL_TIM_Base_Init  stm32f0xx_hal_tim.o
    0x08002454   0x08002454   0x00000084   Code   RO          243    .text.HAL_TIM_Base_MspInit  stm32f0xx_hal_msp.o
    0x080024d8   0x080024d8   0x00000144   Code   RO          156    .text.HAL_TIM_IC_CaptureCallback  main.o
    0x0800261c   0x0800261c   0x00000190   Code   RO         1008    .text.HAL_TIM_IC_ConfigChannel  stm32f0xx_hal_tim.o
    0x080027ac   0x080027ac   0x000000f0   Code   RO          932    .text.HAL_TIM_IC_Init  stm32f0xx_hal_tim.o
    0x0800289c   0x0800289c   0x00000064   Code   RO          239    .text.HAL_TIM_IC_MspInit  stm32f0xx_hal_msp.o
    0x08002900   0x08002900   0x000000e4   Code   RO          944    .text.HAL_TIM_IC_Start_IT  stm32f0xx_hal_tim.o
    0x080029e4   0x080029e4   0x00000148   Code   RO          992    .text.HAL_TIM_IRQHandler  stm32f0xx_hal_tim.o
    0x08002b2c   0x08002b2c   0x00000080   Code   RO          245    .text.HAL_TIM_MspPostInit  stm32f0xx_hal_msp.o
    0x08002bac   0x08002bac   0x00000002   Code   RO          996    .text.HAL_TIM_OC_DelayElapsedCallback  stm32f0xx_hal_tim.o
    0x08002bae   0x08002bae   0x00000002   PAD
    0x08002bb0   0x08002bb0   0x00000288   Code   RO         1012    .text.HAL_TIM_PWM_ConfigChannel  stm32f0xx_hal_tim.o
    0x08002e38   0x08002e38   0x000000fc   Code   RO          912    .text.HAL_TIM_PWM_Init  stm32f0xx_hal_tim.o
    0x08002f34   0x08002f34   0x00000044   Code   RO          241    .text.HAL_TIM_PWM_MspInit  stm32f0xx_hal_msp.o
    0x08002f78   0x08002f78   0x00000002   Code   RO          998    .text.HAL_TIM_PWM_PulseFinishedCallback  stm32f0xx_hal_tim.o
    0x08002f7a   0x08002f7a   0x00000002   PAD
    0x08002f7c   0x08002f7c   0x000000ec   Code   RO          924    .text.HAL_TIM_PWM_Start_IT  stm32f0xx_hal_tim.o
    0x08003068   0x08003068   0x000000b4   Code   RO          926    .text.HAL_TIM_PWM_Stop_IT  stm32f0xx_hal_tim.o
    0x0800311c   0x0800311c   0x00000002   Code   RO         1000    .text.HAL_TIM_PeriodElapsedCallback  stm32f0xx_hal_tim.o
    0x0800311e   0x0800311e   0x00000002   PAD
    0x08003120   0x08003120   0x00000038   Code   RO         1048    .text.HAL_TIM_ReadCapturedValue  stm32f0xx_hal_tim.o
    0x08003158   0x08003158   0x00000002   Code   RO         1002    .text.HAL_TIM_TriggerCallback  stm32f0xx_hal_tim.o
    0x0800315a   0x0800315a   0x0000006a   Code   RO         1177    .text.HAL_UART_Init  stm32f0xx_hal_uart.o
    0x080031c4   0x080031c4   0x00000174   Code   RO          253    .text.HAL_UART_MspInit  stm32f0xx_hal_msp.o
    0x08003338   0x08003338   0x000000d8   Code   RO         1197    .text.HAL_UART_Transmit  stm32f0xx_hal_uart.o
    0x08003410   0x08003410   0x00000002   Code   RO          195    .text.HardFault_Handler  stm32f0xx_it.o
    0x08003412   0x08003412   0x00000002   PAD
    0x08003414   0x08003414   0x00000180   Code   RO          601    .text.I2C_IsErrorOccurred  stm32f0xx_hal_i2c.o
    0x08003594   0x08003594   0x000000de   Code   RO          467    .text.I2C_WaitOnFlagUntilTimeout  stm32f0xx_hal_i2c.o
    0x08003672   0x08003672   0x00000086   Code   RO          471    .text.I2C_WaitOnSTOPFlagUntilTimeout  stm32f0xx_hal_i2c.o
    0x080036f8   0x080036f8   0x000000a6   Code   RO          469    .text.I2C_WaitOnTXISFlagUntilTimeout  stm32f0xx_hal_i2c.o
    0x0800379e   0x0800379e   0x00000002   Code   RO          193    .text.NMI_Handler   stm32f0xx_it.o
    0x080037a0   0x080037a0   0x0000000c   Code   RO           48    .text.PWM_Level_TIM15_CH1  car_control.o
    0x080037ac   0x080037ac   0x0000005c   Code   RO           52    .text.Parking_sensors_cmd  car_control.o
    0x08003808   0x08003808   0x00000002   Code   RO          199    .text.PendSV_Handler  stm32f0xx_it.o
    0x0800380a   0x0800380a   0x00000002   Code   RO          197    .text.SVC_Handler   stm32f0xx_it.o
    0x0800380c   0x0800380c   0x00000008   Code   RO          201    .text.SysTick_Handler  stm32f0xx_it.o
    0x08003814   0x08003814   0x00000002   Code   RO         1340    .text.SystemInit    system_stm32f0xx.o
    0x08003816   0x08003816   0x00000002   PAD
    0x08003818   0x08003818   0x0000001c   Code   RO          211    .text.TIM16_IRQHandler  stm32f0xx_it.o
    0x08003834   0x08003834   0x00000010   Code   RO          205    .text.TIM1_CC_IRQHandler  stm32f0xx_it.o
    0x08003844   0x08003844   0x0000001c   Code   RO          207    .text.TIM6_DAC_IRQHandler  stm32f0xx_it.o
    0x08003860   0x08003860   0x000000c4   Code   RO          209    .text.TIM7_IRQHandler  stm32f0xx_it.o
    0x08003924   0x08003924   0x000000d2   Code   RO         1183    .text.UART_AdvFeatureConfig  stm32f0xx_hal_uart.o
    0x080039f6   0x080039f6   0x00000002   PAD
    0x080039f8   0x080039f8   0x000000c4   Code   RO         1185    .text.UART_CheckIdleState  stm32f0xx_hal_uart.o
    0x08003abc   0x08003abc   0x00000154   Code   RO         1181    .text.UART_SetConfig  stm32f0xx_hal_uart.o
    0x08003c10   0x08003c10   0x000001a2   Code   RO         1199    .text.UART_WaitOnFlagUntilTimeout  stm32f0xx_hal_uart.o
    0x08003db2   0x08003db2   0x00000002   PAD
    0x08003db4   0x08003db4   0x00000018   Code   RO          213    .text.USART1_IRQHandler  stm32f0xx_it.o
    0x08003dcc   0x08003dcc   0x00000018   Code   RO          215    .text.USART3_4_IRQHandler  stm32f0xx_it.o
    0x08003de4   0x08003de4   0x00000030   Code   RO           82    .text.lcd_clear     i2c-lcd.o
    0x08003e14   0x08003e14   0x00000164   Code   RO           86    .text.lcd_init      i2c-lcd.o
    0x08003f78   0x08003f78   0x00000044   Code   RO           84    .text.lcd_put_cur   i2c-lcd.o
    0x08003fbc   0x08003fbc   0x00000034   Code   RO           80    .text.lcd_send_data  i2c-lcd.o
    0x08003ff0   0x08003ff0   0x0000004c   Code   RO           88    .text.lcd_send_string  i2c-lcd.o
    0x0800403c   0x0800403c   0x000009c4   Code   RO          164    .text.main          main.o
    0x08004a00   0x08004a00   0x000001a0   Code   RO           46    .text.obstacle_avoidance_cmd  car_control.o
    0x08004ba0   0x08004ba0   0x00000028   Code   RO         1630    i.__0sprintf        mc_p.l(printfa.o)
    0x08004bc8   0x08004bc8   0x0000002e   Code   RO         1699    i.__ARM_clz         mf_p.l(depilogue.o)
    0x08004bf6   0x08004bf6   0x0000000e   Code   RO         1715    i.__scatterload_copy  mc_p.l(handlers.o)
    0x08004c04   0x08004c04   0x00000002   Code   RO         1716    i.__scatterload_null  mc_p.l(handlers.o)
    0x08004c06   0x08004c06   0x0000000e   Code   RO         1717    i.__scatterload_zeroinit  mc_p.l(handlers.o)
    0x08004c14   0x08004c14   0x00000174   Code   RO         1635    i._fp_digits        mc_p.l(printfa.o)
    0x08004d88   0x08004d88   0x000006ec   Code   RO         1636    i._printf_core      mc_p.l(printfa.o)
    0x08005474   0x08005474   0x00000020   Code   RO         1637    i._printf_post_padding  mc_p.l(printfa.o)
    0x08005494   0x08005494   0x0000002c   Code   RO         1638    i._printf_pre_padding  mc_p.l(printfa.o)
    0x080054c0   0x080054c0   0x0000000a   Code   RO         1640    i._sputc            mc_p.l(printfa.o)
    0x080054ca   0x080054ca   0x00000010   Data   RO         1345    .rodata.AHBPrescTable  system_stm32f0xx.o
    0x080054da   0x080054da   0x00000008   Data   RO         1346    .rodata.APBPrescTable  system_stm32f0xx.o
    0x080054e2   0x080054e2   0x00000020   Data   RO          360    .rodata.cst16       stm32f0xx_hal_rcc.o
    0x08005502   0x08005502   0x00000002   PAD
    0x08005504   0x08005504   0x00000020   Data   RO         1078    .rodata.cst16       stm32f0xx_hal_tim.o
    0x08005524   0x08005524   0x00000010   Data   RO         1303    .rodata.cst16       stm32f0xx_hal_uart.o
    0x08005534   0x08005534   0x00000002   Data   RO          172    .rodata.str1.1      main.o
    0x08005536   0x08005536   0x00000002   PAD
    0x08005538   0x08005538   0x00000020   Data   RO         1714    Region$$Table       anon$$obj.o


    Execution Region RW_IRAM1 (Exec base: 0x20000000, Load base: 0x08005558, Size: 0x000008c0, Max: 0x00004000, ABSOLUTE)

    Exec Addr    Load Addr    Size         Type   Attr      Idx    E Section Name        Object

    0x20000000   0x08005558   0x00000008   Data   RW          448    .data..L_MergedGlobals  stm32f0xx_hal.o
    0x20000008   0x08005560   0x00000001   Data   RW          217    .data.Car_mod       stm32f0xx_it.o
    0x20000009   0x08005561   0x00000001   Data   RW          170    .data.Distance      main.o
    0x2000000a   0x08005562   0x00000002   PAD
    0x2000000c   0x08005564   0x00000004   Data   RW         1344    .data.SystemCoreClock  system_stm32f0xx.o
    0x20000010   0x08005568   0x00000001   Data   RW           68    .data.motor_counter  car_control.o
    0x20000011   0x08005569   0x00000007   PAD
    0x20000018        -       0x00000068   Zero   RW          184    .bss..L_MergedGlobals  main.o
    0x20000080        -       0x0000000c   Zero   RW          220    .bss..L_MergedGlobals  stm32f0xx_it.o
    0x2000008c        -       0x00000002   Zero   RW           69    .bss.Distance_array  car_control.o
    0x2000008e   0x08005569   0x00000002   PAD
    0x20000090        -       0x00000004   Zero   RW          219    .bss.Timer16_counter  stm32f0xx_it.o
    0x20000094        -       0x00000004   Zero   RW          218    .bss.Timer6_counter  stm32f0xx_it.o
    0x20000098        -       0x00000054   Zero   RW          174    .bss.hi2c1          main.o
    0x200000ec        -       0x00000048   Zero   RW          171    .bss.htim1          main.o
    0x20000134        -       0x00000048   Zero   RW          173    .bss.htim15         main.o
    0x2000017c        -       0x00000048   Zero   RW          178    .bss.htim16         main.o
    0x200001c4        -       0x00000048   Zero   RW          175    .bss.htim3          main.o
    0x2000020c        -       0x00000048   Zero   RW          176    .bss.htim6          main.o
    0x20000254        -       0x00000048   Zero   RW          177    .bss.htim7          main.o
    0x2000029c        -       0x00000088   Zero   RW          179    .bss.huart1         main.o
    0x20000324        -       0x00000088   Zero   RW          180    .bss.huart2         main.o
    0x200003ac        -       0x00000088   Zero   RW          181    .bss.huart3         main.o
    0x20000434        -       0x00000088   Zero   RW          182    .bss.huart4         main.o
    0x200004bc        -       0x00000004   Zero   RW          447    .bss.uwTick         stm32f0xx_hal.o
    0x200004c0        -       0x00000400   Zero   RW            1    STACK               startup_stm32f072xb.o


==============================================================================

Image component sizes


      Code (inc. data)   RO Data    RW Data    ZI Data      Debug   Object Name

      1348        258          0          1          2       5715   car_control.o
       720         12          0          0          0       4588   dfplayer_mini.o
       712         20          0          0          0       3573   dht22_function.o
       600          4          0          0          0       4361   i2c-lcd.o
      2824        272          2          1       1164      16855   main.o
        28          8        192          0       1024        600   startup_stm32f072xb.o
       156         12          0          8          4       5359   stm32f0xx_hal.o
       672         36          0          0          0      14242   stm32f0xx_hal_adc.o
       132         24          0          0          0       5586   stm32f0xx_hal_cortex.o
       434         16          0          0          0       4925   stm32f0xx_hal_gpio.o
      1486         40          0          0          0      62364   stm32f0xx_hal_i2c.o
       132          0          0          0          0       5306   stm32f0xx_hal_i2c_ex.o
      1032         96          0          0          0      12656   stm32f0xx_hal_msp.o
      1680         52         32          0          0       8297   stm32f0xx_hal_rcc.o
       328         12          0          0          0       6655   stm32f0xx_hal_rcc_ex.o
      2828        176         32          0          0      62466   stm32f0xx_hal_tim.o
       186          0          0          0          0      22656   stm32f0xx_hal_tim_ex.o
      1486         68         16          0          0      40814   stm32f0xx_hal_uart.o
       460         68          0          1         20       4983   stm32f0xx_it.o
         2          0         24          4          0       1715   system_stm32f0xx.o
       120          8          0          0          0       1152   timer_control.o

    ----------------------------------------------------------------------
     17384       1182        334         20       2220     294868   Object Totals
         0          0         32          0          0          0   (incl. Generated)
        18          0          4          5          6          0   (incl. Padding)

    ----------------------------------------------------------------------

      Code (inc. data)   RO Data    RW Data    ZI Data      Debug   Library Member Name

         0          0          0          0          0          0   entry.o
         0          0          0          0          0          0   entry10a.o
         0          0          0          0          0          0   entry11a.o
         8          4          0          0          0          0   entry2.o
         4          0          0          0          0          0   entry5.o
         0          0          0          0          0          0   entry7b.o
         0          0          0          0          0          0   entry8b.o
         8          4          0          0          0          0   entry9a.o
        30          0          0          0          0          0   handlers.o
        36          8          0          0          0         68   init.o
         0          0          0          0          0          0   iusefp.o
        32          0          0          0          0         68   llshl.o
        38          0          0          0          0         68   llsshr.o
        34          0          0          0          0         68   llushr.o
        36          0          0          0          0        100   memseta.o
      2270         94          0          0          0        472   printfa.o
        62          0          0          0          0         72   uidiv_div0.o
        96          0          0          0          0         84   uldiv.o
        40          2          0          0          0         68   cdrcmple.o
        56          0          0          0          0         68   d2f.o
       356          4          0          0          0        140   dadd.o
       240          6          0          0          0         84   ddiv.o
       236          0          0          0          0        216   depilogue.o
        72         10          0          0          0         72   dfixi.o
        64         10          0          0          0         68   dfixul.o
        28          4          0          0          0         68   dfltui.o
       208          6          0          0          0         88   dmul.o
        40          0          0          0          0         60   f2d.o
       130          0          0          0          0        144   fepilogue.o

    ----------------------------------------------------------------------
      4130        152          0          0          0       2076   Library Totals
         6          0          0          0          0          0   (incl. Padding)

    ----------------------------------------------------------------------

      Code (inc. data)   RO Data    RW Data    ZI Data      Debug   Library Name

      2654        110          0          0          0       1000   mc_p.l
      1470         42          0          0          0       1076   mf_p.l

    ----------------------------------------------------------------------
      4130        152          0          0          0       2076   Library Totals

    ----------------------------------------------------------------------

==============================================================================


      Code (inc. data)   RO Data    RW Data    ZI Data      Debug   

     21514       1334        334         20       2220     295696   Grand Totals
     21514       1334        334         20       2220     295696   ELF Image Totals
     21514       1334        334         20          0          0   ROM Totals

==============================================================================

    Total RO  Size (Code + RO Data)                21848 (  21.34kB)
    Total RW  Size (RW Data + ZI Data)              2240 (   2.19kB)
    Total ROM Size (Code + RO Data + RW Data)      21868 (  21.36kB)

==============================================================================

