<html>
<body>
<pre>
<h1>µVision Build Log</h1>
<h2>Tool Versions:</h2>
IDE-Version: É Vision V5.38.0.0
Copyright (C) 2022 ARM Ltd and ARM Germany GmbH. All rights reserved.
License Information: User User, User, LIC=----
 
Tool Versions:
Toolchain:       MDK-Lite  Version: 5.38.0.0
Toolchain Path:  D:\M0\M0_Keil\ARM\ARMCLANG\Bin
C Compiler:      ArmClang.exe V6.19
Assembler:       Armasm.exe V6.19
Linker/Locator:  ArmLink.exe V6.19
Library Manager: ArmAr.exe V6.19
Hex Converter:   FromElf.exe V6.19
CPU DLL:         SARMCM3.DLL V5.38.0.0
Dialog DLL:      DARMCM1.DLL V1.19.6.0
Target DLL:      STLink\ST-LINKIII-KEIL_SWO.dll V3.1.0.0
Dialog DLL:      TARMCM1.DLL V1.14.6.0
 
<h2>Project:</h2>
D:\M0\M0_project\Car_control\MDK-ARM\Car_control.uvprojx
Project File Date:  03/16/2024

<h2>Output:</h2>
*** Using Compiler 'V6.19', folder: 'D:\M0\M0_Keil\ARM\ARMCLANG\Bin'
Rebuild target 'Car_control'
compiling Timer_control.c...
compiling i2c-lcd.c...
compiling stm32f0xx_it.c...
assembling startup_stm32f072xb.s...
../Core/Src/usart_cubemx.c(59): warning: while loop has empty body [-Wempty-body]
  while (!(USARTx->ISR & (1ul << 7)));            // check bit 7 if transmit data register empty ? 1 means empty
                                     ^
../Core/Src/usart_cubemx.c(59): note: put the semicolon on a separate line to silence this warning
1 warning generated.
compiling usart_cubemx.c...
compiling Car_control.c...
compiling stm32f0xx_hal_adc_ex.c...
compiling DHT22_Function.c...
compiling DFPLAYER_MINI.c...
compiling stm32f0xx_hal_msp.c...
compiling main.c...
compiling stm32f0xx_hal_rcc.c...
compiling stm32f0xx_hal_i2c_ex.c...
compiling stm32f0xx_hal_rcc_ex.c...
compiling stm32f0xx_hal.c...
compiling stm32f0xx_hal_adc.c...
compiling stm32f0xx_hal_gpio.c...
compiling stm32f0xx_hal_pwr.c...
compiling stm32f0xx_hal_cortex.c...
compiling stm32f0xx_hal_pwr_ex.c...
compiling stm32f0xx_hal_dma.c...
compiling stm32f0xx_hal_flash.c...
compiling stm32f0xx_hal_exti.c...
compiling stm32f0xx_hal_flash_ex.c...
compiling retarget_io.c...
compiling system_stm32f0xx.c...
compiling stm32f0xx_hal_uart_ex.c...
compiling stm32f0xx_hal_tim_ex.c...
compiling stm32f0xx_hal_uart.c...
compiling stm32f0xx_hal_i2c.c...
compiling stm32f0xx_hal_tim.c...
linking...
Program Size: Code=21514 RO-data=334 RW-data=20 ZI-data=2220  
FromELF: creating hex file...
"Car_control\Car_control.axf" - 0 Error(s), 1 Warning(s).

<h2>Software Packages used:</h2>

Package Vendor: ARM
                http://www.keil.com/pack/ARM.CMSIS.5.9.0.pack
                ARM.CMSIS.5.9.0
                CMSIS (Common Microcontroller Software Interface Standard)
   * Component: CORE Version: 5.6.0

Package Vendor: Keil
                https://www.keil.com/pack/Keil.ARM_Compiler.1.7.2.pack
                Keil.ARM_Compiler.1.7.2
                Keil ARM Compiler extensions for ARM Compiler 5 and ARM Compiler 6
   * Component: STDOUT Variant: User Version: 1.2.0

Package Vendor: Keil
                https://www.keil.com/pack/Keil.STM32F0xx_DFP.2.1.1.pack
                Keil.STM32F0xx_DFP.2.1.1
                STMicroelectronics STM32F0 Series Device Support, Drivers and Examples

<h2>Collection of Component include folders:</h2>
  ./RTE/_Car_control
  C:/Users/User/AppData/Local/Arm/Packs/ARM/CMSIS/5.9.0/CMSIS/Core/Include
  C:/Users/User/AppData/Local/Arm/Packs/Keil/STM32F0xx_DFP/2.1.1/Drivers/CMSIS/Device/ST/STM32F0xx/Include

<h2>Collection of Component Files used:</h2>

   * Component: ARM::CMSIS:CORE:5.6.0
      Include file:  CMSIS/Core/Include/tz_context.h

   * Component: Keil.ARM Compiler::Compiler:I/O:STDOUT:User:1.2.0
      Source file:   Template/stdout_user.c
      Source file:   Template/stdout_USART.c
      Source file:   Source/retarget_io.c
      Source file:   Template/stdout_display.c
Build Time Elapsed:  00:00:01
</pre>
</body>
</html>
